Component: ARM Compiler 5.06 update 7 (build 960) Tool: armlink [4d3601]

==============================================================================

Section Cross References

    startup_stm32f405xx.o(STACK) refers (Special) to heapauxi.o(.text) for __use_two_region_memory
    startup_stm32f405xx.o(HEAP) refers (Special) to heapauxi.o(.text) for __use_two_region_memory
    startup_stm32f405xx.o(RESET) refers (Special) to heapauxi.o(.text) for __use_two_region_memory
    startup_stm32f405xx.o(RESET) refers to startup_stm32f405xx.o(STACK) for __initial_sp
    startup_stm32f405xx.o(RESET) refers to startup_stm32f405xx.o(.text) for Reset_Handler
    startup_stm32f405xx.o(RESET) refers to stm32f4xx_it.o(i.NMI_Handler) for NMI_Handler
    startup_stm32f405xx.o(RESET) refers to stm32f4xx_it.o(i.HardFault_Handler) for HardFault_Handler
    startup_stm32f405xx.o(RESET) refers to stm32f4xx_it.o(i.MemManage_Handler) for MemManage_Handler
    startup_stm32f405xx.o(RESET) refers to stm32f4xx_it.o(i.BusFault_Handler) for BusFault_Handler
    startup_stm32f405xx.o(RESET) refers to stm32f4xx_it.o(i.UsageFault_Handler) for UsageFault_Handler
    startup_stm32f405xx.o(RESET) refers to port.o(.emb_text) for SVC_Handler
    startup_stm32f405xx.o(RESET) refers to stm32f4xx_it.o(i.DebugMon_Handler) for DebugMon_Handler
    startup_stm32f405xx.o(RESET) refers to port.o(i.SysTick_Handler) for SysTick_Handler
    startup_stm32f405xx.o(RESET) refers to stm32f4xx_it.o(i.DMA1_Stream0_IRQHandler) for DMA1_Stream0_IRQHandler
    startup_stm32f405xx.o(RESET) refers to stm32f4xx_it.o(i.DMA1_Stream1_IRQHandler) for DMA1_Stream1_IRQHandler
    startup_stm32f405xx.o(RESET) refers to stm32f4xx_it.o(i.DMA1_Stream3_IRQHandler) for DMA1_Stream3_IRQHandler
    startup_stm32f405xx.o(RESET) refers to stm32f4xx_it.o(i.DMA1_Stream5_IRQHandler) for DMA1_Stream5_IRQHandler
    startup_stm32f405xx.o(RESET) refers to stm32f4xx_it.o(i.DMA1_Stream6_IRQHandler) for DMA1_Stream6_IRQHandler
    startup_stm32f405xx.o(RESET) refers to stm32f4xx_it.o(i.USART2_IRQHandler) for USART2_IRQHandler
    startup_stm32f405xx.o(RESET) refers to stm32f4xx_it.o(i.USART3_IRQHandler) for USART3_IRQHandler
    startup_stm32f405xx.o(RESET) refers to stm32f4xx_it.o(i.DMA1_Stream7_IRQHandler) for DMA1_Stream7_IRQHandler
    startup_stm32f405xx.o(RESET) refers to stm32f4xx_it.o(i.UART5_IRQHandler) for UART5_IRQHandler
    startup_stm32f405xx.o(RESET) refers to stm32f4xx_it.o(i.TIM7_IRQHandler) for TIM7_IRQHandler
    startup_stm32f405xx.o(RESET) refers to stm32f4xx_it.o(i.DMA2_Stream1_IRQHandler) for DMA2_Stream1_IRQHandler
    startup_stm32f405xx.o(RESET) refers to stm32f4xx_it.o(i.OTG_FS_IRQHandler) for OTG_FS_IRQHandler
    startup_stm32f405xx.o(RESET) refers to stm32f4xx_it.o(i.DMA2_Stream6_IRQHandler) for DMA2_Stream6_IRQHandler
    startup_stm32f405xx.o(RESET) refers to stm32f4xx_it.o(i.USART6_IRQHandler) for USART6_IRQHandler
    startup_stm32f405xx.o(RESET) refers to stm32f4xx_it.o(i.HASH_RNG_IRQHandler) for HASH_RNG_IRQHandler
    startup_stm32f405xx.o(.text) refers (Special) to heapauxi.o(.text) for __use_two_region_memory
    startup_stm32f405xx.o(.text) refers to system_stm32f4xx.o(i.SystemInit) for SystemInit
    startup_stm32f405xx.o(.text) refers to __main.o(!!!main) for __main
    startup_stm32f405xx.o(.text) refers to startup_stm32f405xx.o(HEAP) for Heap_Mem
    startup_stm32f405xx.o(.text) refers to startup_stm32f405xx.o(STACK) for Stack_Mem
    main.o(i.HAL_TIM_PeriodElapsedCallback) refers to stm32f4xx_hal.o(i.HAL_IncTick) for HAL_IncTick
    main.o(i.SystemClock_Config) refers to rt_memclr_w.o(.text) for __aeabi_memclr4
    main.o(i.SystemClock_Config) refers to stm32f4xx_hal_rcc.o(i.HAL_RCC_OscConfig) for HAL_RCC_OscConfig
    main.o(i.SystemClock_Config) refers to stm32f4xx_hal_rcc.o(i.HAL_RCC_ClockConfig) for HAL_RCC_ClockConfig
    main.o(i.main) refers to stm32f4xx_hal.o(i.HAL_Init) for HAL_Init
    main.o(i.main) refers to main.o(i.SystemClock_Config) for SystemClock_Config
    main.o(i.main) refers to gpio.o(i.MX_GPIO_Init) for MX_GPIO_Init
    main.o(i.main) refers to dma.o(i.MX_DMA_Init) for MX_DMA_Init
    main.o(i.main) refers to usart.o(i.MX_UART5_Init) for MX_UART5_Init
    main.o(i.main) refers to usart.o(i.MX_USART6_UART_Init) for MX_USART6_UART_Init
    main.o(i.main) refers to usart.o(i.MX_USART2_UART_Init) for MX_USART2_UART_Init
    main.o(i.main) refers to usart.o(i.MX_USART3_UART_Init) for MX_USART3_UART_Init
    main.o(i.main) refers to rng.o(i.MX_RNG_Init) for MX_RNG_Init
    main.o(i.main) refers to __2printf.o(.text) for __2printf
    main.o(i.main) refers to freertos.o(i.MX_FREERTOS_Init) for MX_FREERTOS_Init
    main.o(i.main) refers to cmsis_os.o(i.osKernelStart) for osKernelStart
    gpio.o(i.MX_GPIO_Init) refers to rt_memclr_w.o(.text) for __aeabi_memclr4
    gpio.o(i.MX_GPIO_Init) refers to stm32f4xx_hal_gpio.o(i.HAL_GPIO_WritePin) for HAL_GPIO_WritePin
[...]
    0x08012c5c   0x08012c5c   0x0000000c   Code   RO          559    i.DMA2_Stream6_IRQHandler  stm32f4xx_it.o
    0x08012c68   0x08012c68   0x00000028   Code   RO         2215    i.DMA_CalcBaseAndBitshift  stm32f4xx_hal_dma.o
    0x08012c90   0x08012c90   0x00000054   Code   RO         2216    i.DMA_CheckFifoParam  stm32f4xx_hal_dma.o
    0x08012ce4   0x08012ce4   0x00000028   Code   RO         2217    i.DMA_SetConfig     stm32f4xx_hal_dma.o
    0x08012d0c   0x08012d0c   0x00000002   Code   RO          560    i.DebugMon_Handler  stm32f4xx_it.o
    0x08012d0e   0x08012d0e   0x00000004   Code   RO           13    i.Error_Handler     main.o
    0x08012d12   0x08012d12   0x00000002   PAD
    0x08012d14   0x08012d14   0x00000070   Code   RO        10122    i.EventCreat        event_mgr.o
    0x08012d84   0x08012d84   0x00000040   Code   RO        10123    i.EventMsgGetLast   event_mgr.o
    0x08012dc4   0x08012dc4   0x000000ce   Code   RO        10124    i.EventMsgPost      event_mgr.o
    0x08012e92   0x08012e92   0x0000002a   Code   RO        10126    i.EventPostInit     event_mgr.o
    0x08012ebc   0x08012ebc   0x000000da   Code   RO        10127    i.EventSubscribe    event_mgr.o
    0x08012f96   0x08012f96   0x0000000e   Code   RO        10128    i.EventSubscribeInit  event_mgr.o
    0x08012fa4   0x08012fa4   0x00000050   Code   RO         2030    i.FLASH_Erase_Sector  stm32f4xx_hal_flash_ex.o
    0x08012ff4   0x08012ff4   0x00000054   Code   RO         2031    i.FLASH_FlushCaches  stm32f4xx_hal_flash_ex.o
    0x08013048   0x08013048   0x00000028   Code   RO         2032    i.FLASH_MassErase   stm32f4xx_hal_flash_ex.o
    0x08013070   0x08013070   0x00000020   Code   RO         1912    i.FLASH_Program_Byte  stm32f4xx_hal_flash.o
    0x08013090   0x08013090   0x0000002c   Code   RO         1913    i.FLASH_Program_DoubleWord  stm32f4xx_hal_flash.o
    0x080130bc   0x080130bc   0x00000024   Code   RO         1914    i.FLASH_Program_HalfWord  stm32f4xx_hal_flash.o
    0x080130e0   0x080130e0   0x00000024   Code   RO         1915    i.FLASH_Program_Word  stm32f4xx_hal_flash.o
    0x08013104   0x08013104   0x00000068   Code   RO         1916    i.FLASH_SetErrorCode  stm32f4xx_hal_flash.o
    0x0801316c   0x0801316c   0x00000050   Code   RO         1917    i.FLASH_WaitForLastOperation  stm32f4xx_hal_flash.o
    0x080131bc   0x080131bc   0x00000048   Code   RO         9904    i.FSM_EventHandle   fsm.o
    0x08013204   0x08013204   0x00000008   Code   RO         9905    i.FSM_Init          fsm.o
    0x0801320c   0x0801320c   0x0000030c   Code   RO         9142    i.Fsm_Task          fsm_task.o
    0x08013518   0x08013518   0x00000020   Code   RO        10130    i.GetEventFromID    event_mgr.o
    0x08013538   0x08013538   0x00000016   Code   RO        10131    i.GetHandlerFromID  event_mgr.o
    0x0801354e   0x0801354e   0x00000092   Code   RO         2218    i.HAL_DMA_Abort     stm32f4xx_hal_dma.o
    0x080135e0   0x080135e0   0x00000024   Code   RO         2219    i.HAL_DMA_Abort_IT  stm32f4xx_hal_dma.o
    0x08013604   0x08013604   0x00000062   Code   RO         2220    i.HAL_DMA_DeInit    stm32f4xx_hal_dma.o
    0x08013666   0x08013666   0x00000002   PAD
    0x08013668   0x08013668   0x000001a0   Code   RO         2223    i.HAL_DMA_IRQHandler  stm32f4xx_hal_dma.o
    0x08013808   0x08013808   0x000000d4   Code   RO         2224    i.HAL_DMA_Init      stm32f4xx_hal_dma.o
    0x080138dc   0x080138dc   0x00000046   Code   RO         2227    i.HAL_DMA_Start     stm32f4xx_hal_dma.o
    0x08013922   0x08013922   0x0000006e   Code   RO         2228    i.HAL_DMA_Start_IT  stm32f4xx_hal_dma.o
    0x08013990   0x08013990   0x00000024   Code   RO         2637    i.HAL_Delay         stm32f4xx_hal.o
    0x080139b4   0x080139b4   0x00000098   Code   RO         2033    i.HAL_FLASHEx_Erase  stm32f4xx_hal_flash_ex.o
    0x08013a4c   0x08013a4c   0x00000014   Code   RO         1921    i.HAL_FLASH_Lock    stm32f4xx_hal_flash.o
    0x08013a60   0x08013a60   0x0000007c   Code   RO         1926    i.HAL_FLASH_Program  stm32f4xx_hal_flash.o
    0x08013adc   0x08013adc   0x0000002c   Code   RO         1928    i.HAL_FLASH_Unlock  stm32f4xx_hal_flash.o
    0x08013b08   0x08013b08   0x00000168   Code   RO         2108    i.HAL_GPIO_DeInit   stm32f4xx_hal_gpio.o
    0x08013c70   0x08013c70   0x000001f0   Code   RO         2111    i.HAL_GPIO_Init     stm32f4xx_hal_gpio.o
    0x08013e60   0x08013e60   0x0000000a   Code   RO         2113    i.HAL_GPIO_ReadPin  stm32f4xx_hal_gpio.o
    0x08013e6a   0x08013e6a   0x0000000a   Code   RO         2115    i.HAL_GPIO_WritePin  stm32f4xx_hal_gpio.o
    0x08013e74   0x08013e74   0x0000000c   Code   RO         2643    i.HAL_GetTick       stm32f4xx_hal.o
    0x08013e80   0x08013e80   0x00000010   Code   RO         2649    i.HAL_IncTick       stm32f4xx_hal.o
    0x08013e90   0x08013e90   0x00000034   Code   RO         2650    i.HAL_Init          stm32f4xx_hal.o
    0x08013ec4   0x08013ec4   0x00000098   Code   RO          730    i.HAL_InitTick      stm32f4xx_hal_timebase_tim.o
    0x08013f5c   0x08013f5c   0x00000038   Code   RO          706    i.HAL_MspInit       stm32f4xx_hal_msp.o
    0x08013f94   0x08013f94   0x00000022   Code   RO         2499    i.HAL_NVIC_DisableIRQ  stm32f4xx_hal_cortex.o
    0x08013fb6   0x08013fb6   0x0000001a   Code   RO         2500    i.HAL_NVIC_EnableIRQ  stm32f4xx_hal_cortex.o
    0x08013fd0   0x08013fd0   0x00000040   Code   RO         2506    i.HAL_NVIC_SetPriority  stm32f4xx_hal_cortex.o
    0x08014010   0x08014010   0x00000024   Code   RO         2507    i.HAL_NVIC_SetPriorityGrouping  stm32f4xx_hal_cortex.o
    0x08014034   0x08014034   0x00000002   Code   RO         1410    i.HAL_PCDEx_LPM_Callback  stm32f4xx_hal_pcd_ex.o
    0x08014036   0x08014036   0x00000008   Code   RO         1411    i.HAL_PCDEx_SetRxFiFo  stm32f4xx_hal_pcd_ex.o
    0x0801403e   0x0801403e   0x00000044   Code   RO         1412    i.HAL_PCDEx_SetTxFiFo  stm32f4xx_hal_pcd_ex.o
    0x08014082   0x08014082   0x00000008   Code   RO          964    i.HAL_PCD_ConnectCallback  usbd_conf.o
    0x0801408a   0x0801408a   0x00000012   Code   RO          965    i.HAL_PCD_DataInStageCallback  usbd_conf.o
    0x0801409c   0x0801409c   0x00000014   Code   RO          966    i.HAL_PCD_DataOutStageCallback  usbd_conf.o
    0x080140b0   0x080140b0   0x00000008   Code   RO          967    i.HAL_PCD_DisconnectCallback  usbd_conf.o
    0x080140b8   0x080140b8   0x0000001e   Code   RO         1180    i.HAL_PCD_EP_Abort  stm32f4xx_hal_pcd.o
    0x080140d6   0x080140d6   0x0000004c   Code   RO         1181    i.HAL_PCD_EP_Close  stm32f4xx_hal_pcd.o
    0x08014122   0x08014122   0x0000005c   Code   RO         1182    i.HAL_PCD_EP_ClrStall  stm32f4xx_hal_pcd.o
    0x0801417e   0x0801417e   0x00000012   Code   RO         1184    i.HAL_PCD_EP_GetRxCount  stm32f4xx_hal_pcd.o
    0x08014190   0x08014190   0x00000060   Code   RO         1185    i.HAL_PCD_EP_Open   stm32f4xx_hal_pcd.o
    0x080141f0   0x080141f0   0x00000048   Code   RO         1186    i.HAL_PCD_EP_Receive  stm32f4xx_hal_pcd.o
    0x08014238   0x08014238   0x00000074   Code   RO         1187    i.HAL_PCD_EP_SetStall  stm32f4xx_hal_pcd.o
    0x080142ac   0x080142ac   0x00000040   Code   RO         1188    i.HAL_PCD_EP_Transmit  stm32f4xx_hal_pcd.o
    0x080142ec   0x080142ec   0x00000560   Code   RO         1190    i.HAL_PCD_IRQHandler  stm32f4xx_hal_pcd.o
    0x0801484c   0x0801484c   0x00000008   Code   RO          968    i.HAL_PCD_ISOINIncompleteCallback  usbd_conf.o
    0x08014854   0x08014854   0x00000008   Code   RO          969    i.HAL_PCD_ISOOUTIncompleteCallback  usbd_conf.o
    0x0801485c   0x0801485c   0x000000e2   Code   RO         1193    i.HAL_PCD_Init      stm32f4xx_hal_pcd.o
    0x0801493e   0x0801493e   0x00000002   PAD
    0x08014940   0x08014940   0x00000084   Code   RO          971    i.HAL_PCD_MspInit   usbd_conf.o
    0x080149c4   0x080149c4   0x0000002c   Code   RO          972    i.HAL_PCD_ResetCallback  usbd_conf.o
    0x080149f0   0x080149f0   0x00000008   Code   RO          973    i.HAL_PCD_ResumeCallback  usbd_conf.o
    0x080149f8   0x080149f8   0x00000008   Code   RO          974    i.HAL_PCD_SOFCallback  usbd_conf.o
    0x08014a00   0x08014a00   0x00000028   Code   RO         1199    i.HAL_PCD_SetAddress  stm32f4xx_hal_pcd.o
    0x08014a28   0x08014a28   0x0000000e   Code   RO          975    i.HAL_PCD_SetupStageCallback  usbd_conf.o
    0x08014a36   0x08014a36   0x00000042   Code   RO         1202    i.HAL_PCD_Start     stm32f4xx_hal_pcd.o
    0x08014a78   0x08014a78   0x00000030   Code   RO          976    i.HAL_PCD_SuspendCallback  usbd_conf.o
    0x08014aa8   0x08014aa8   0x00000134   Code   RO         1757    i.HAL_RCC_ClockConfig  stm32f4xx_hal_rcc.o
    0x08014bdc   0x08014bdc   0x00000040   Code   RO         1761    i.HAL_RCC_GetClockConfig  stm32f4xx_hal_rcc.o
    0x08014c1c   0x08014c1c   0x0000000c   Code   RO         1762    i.HAL_RCC_GetHCLKFreq  stm32f4xx_hal_rcc.o
    0x08014c28   0x08014c28   0x00000020   Code   RO         1764    i.HAL_RCC_GetPCLK1Freq  stm32f4xx_hal_rcc.o
    0x08014c48   0x08014c48   0x00000020   Code   RO         1765    i.HAL_RCC_GetPCLK2Freq  stm32f4xx_hal_rcc.o
    0x08014c68   0x08014c68   0x00000060   Code   RO         1766    i.HAL_RCC_GetSysClockFreq  stm32f4xx_hal_rcc.o
    0x08014cc8   0x08014cc8   0x0000036c   Code   RO         1769    i.HAL_RCC_OscConfig  stm32f4xx_hal_rcc.o
    0x08015034   0x08015034   0x00000002   Code   RO         2889    i.HAL_RNG_ErrorCallback  stm32f4xx_hal_rng.o
    0x08015036   0x08015036   0x00000002   PAD
    0x08015038   0x08015038   0x0000007e   Code   RO         2890    i.HAL_RNG_GenerateRandomNumber  stm32f4xx_hal_rng.o
    0x080150b6   0x080150b6   0x00000016   Code   RO         2893    i.HAL_RNG_GetRandomNumber  stm32f4xx_hal_rng.o
    0x080150cc   0x080150cc   0x0000005e   Code   RO         2896    i.HAL_RNG_IRQHandler  stm32f4xx_hal_rng.o
    0x0801512a   0x0801512a   0x00000032   Code   RO         2897    i.HAL_RNG_Init      stm32f4xx_hal_rng.o
    0x0801515c   0x0801515c   0x0000003c   Code   RO          450    i.HAL_RNG_MspInit   rng.o
    0x08015198   0x08015198   0x00000002   Code   RO         2901    i.HAL_RNG_ReadyDataCallback  stm32f4xx_hal_rng.o
    0x0801519a   0x0801519a   0x00000002   Code   RO         3696    i.HAL_TIMEx_BreakCallback  stm32f4xx_hal_tim_ex.o
    0x0801519c   0x0801519c   0x00000002   Code   RO         3697    i.HAL_TIMEx_CommutCallback  stm32f4xx_hal_tim_ex.o
    0x0801519e   0x0801519e   0x0000005a   Code   RO         2992    i.HAL_TIM_Base_Init  stm32f4xx_hal_tim.o
    0x080151f8   0x080151f8   0x00000002   Code   RO         2994    i.HAL_TIM_Base_MspInit  stm32f4xx_hal_tim.o
    0x080151fa   0x080151fa   0x00000002   PAD
    0x080151fc   0x080151fc   0x00000080   Code   RO         2997    i.HAL_TIM_Base_Start_IT  stm32f4xx_hal_tim.o
    0x0801527c   0x0801527c   0x00000002   Code   RO         3026    i.HAL_TIM_IC_CaptureCallback  stm32f4xx_hal_tim.o
    0x0801527e   0x0801527e   0x00000166   Code   RO         3040    i.HAL_TIM_IRQHandler  stm32f4xx_hal_tim.o
    0x080153e4   0x080153e4   0x00000002   Code   RO         3043    i.HAL_TIM_OC_DelayElapsedCallback  stm32f4xx_hal_tim.o
    0x080153e6   0x080153e6   0x00000002   Code   RO         3070    i.HAL_TIM_PWM_PulseFinishedCallback  stm32f4xx_hal_tim.o
    0x080153e8   0x080153e8   0x00000014   Code   RO           14    i.HAL_TIM_PeriodElapsedCallback  main.o
    0x080153fc   0x080153fc   0x00000002   Code   RO         3083    i.HAL_TIM_TriggerCallback  stm32f4xx_hal_tim.o
    0x080153fe   0x080153fe   0x00000002   Code   RO         3974    i.HAL_UARTEx_RxEventCallback  stm32f4xx_hal_uart.o
    0x08015400   0x08015400   0x00000034   Code   RO         3987    i.HAL_UART_DeInit   stm32f4xx_hal_uart.o
    0x08015434   0x08015434   0x00000002   Code   RO         3988    i.HAL_UART_ErrorCallback  stm32f4xx_hal_uart.o
    0x08015436   0x08015436   0x00000002   PAD
    0x08015438   0x08015438   0x00000268   Code   RO         3991    i.HAL_UART_IRQHandler  stm32f4xx_hal_uart.o
    0x080156a0   0x080156a0   0x00000062   Code   RO         3992    i.HAL_UART_Init     stm32f4xx_hal_uart.o
    0x08015702   0x08015702   0x00000002   PAD
    0x08015704   0x08015704   0x000000dc   Code   RO          491    i.HAL_UART_MspDeInit  usart.o
    0x080157e0   0x080157e0   0x00000374   Code   RO          492    i.HAL_UART_MspInit  usart.o
    0x08015b54   0x08015b54   0x0000002a   Code   RO         3996    i.HAL_UART_Receive_DMA  stm32f4xx_hal_uart.o
    0x08015b7e   0x08015b7e   0x00000002   PAD
    0x08015b80   0x08015b80   0x00000018   Code   RO         9170    i.HAL_UART_RxCpltCallback  drv_uart.o
    0x08015b98   0x08015b98   0x00000018   Code   RO         9171    i.HAL_UART_RxHalfCpltCallback  drv_uart.o
    0x08015bb0   0x08015bb0   0x0000008c   Code   RO         4001    i.HAL_UART_Transmit_DMA  stm32f4xx_hal_uart.o
    0x08015c3c   0x08015c3c   0x00000054   Code   RO         9172    i.HAL_UART_TxCpltCallback  drv_uart.o
    0x08015c90   0x08015c90   0x00000002   Code   RO         4004    i.HAL_UART_TxHalfCpltCallback  stm32f4xx_hal_uart.o
    0x08015c92   0x08015c92   0x00000002   PAD
    0x08015c94   0x08015c94   0x0000000c   Code   RO          561    i.HASH_RNG_IRQHandler  stm32f4xx_it.o
    0x08015ca0   0x08015ca0   0x00000002   Code   RO          562    i.HardFault_Handler  stm32f4xx_it.o
    0x08015ca2   0x08015ca2   0x00000002   PAD
    0x08015ca4   0x08015ca4   0x0000014c   Code   RO         9106    i.IO_Task           io_task.o
    0x08015df0   0x08015df0   0x00000038   Code   RO          821    i.IntToUnicode      usbd_desc.o
    0x08015e28   0x08015e28   0x00000244   Code   RO         9504    i.MBR_AnalyzeApp    drv_modbus.o
    0x0801606c   0x0801606c   0x0000005a   Code   RO         9505    i.MBR_ReadParam_03H  drv_modbus.o
    0x080160c6   0x080160c6   0x0000003e   Code   RO         9506    i.MBR_Read_03H_Block  drv_modbus.o
    0x08016104   0x08016104   0x0000005a   Code   RO         9507    i.MBR_WriteParam_06H  drv_modbus.o
    0x0801615e   0x0801615e   0x00000002   PAD
    0x08016160   0x08016160   0x00000274   Code   RO         9508    i.MBR_WriteParam_10H  drv_modbus.o
    0x080163d4   0x080163d4   0x0000003e   Code   RO         9509    i.MBR_Write_06H_Block  drv_modbus.o
    0x08016412   0x08016412   0x00000042   Code   RO         9510    i.MBR_Write_10H_Block  drv_modbus.o
    0x08016454   0x08016454   0x0000000e   Code   RO         9511    i.MODH_Read_10H     drv_modbus.o
    0x08016462   0x08016462   0x00000002   PAD
    0x08016464   0x08016464   0x000000ac   Code   RO          425    i.MX_DMA_Init       dma.o
    0x08016510   0x08016510   0x00000028   Code   RO          317    i.MX_FREERTOS_Init  freertos.o
    0x08016538   0x08016538   0x00000118   Code   RO          293    i.MX_GPIO_Init      gpio.o
    0x08016650   0x08016650   0x00000024   Code   RO          451    i.MX_RNG_Init       rng.o
    0x08016674   0x08016674   0x00000038   Code   RO          493    i.MX_UART5_Init     usart.o
    0x080166ac   0x080166ac   0x00000038   Code   RO          494    i.MX_USART2_UART_Init  usart.o
    0x080166e4   0x080166e4   0x00000038   Code   RO          495    i.MX_USART3_UART_Init  usart.o
    0x0801671c   0x0801671c   0x00000038   Code   RO          496    i.MX_USART6_UART_Init  usart.o
    0x08016754   0x08016754   0x00000054   Code   RO          769    i.MX_USB_DEVICE_Init  usb_device.o
    0x080167a8   0x080167a8   0x00000028   Code   RO        10196    i.MemAddBlksToPool  memory_mgr.o
    0x080167d0   0x080167d0   0x00000016   Code   RO        10197    i.MemGetBlk         memory_mgr.o
    0x080167e6   0x080167e6   0x00000002   Code   RO          563    i.MemManage_Handler  stm32f4xx_it.o
    0x080167e8   0x080167e8   0x00000022   Code   RO        10198    i.MemPoolInit       memory_mgr.o
    0x0801680a   0x0801680a   0x00000002   PAD
    0x0801680c   0x0801680c   0x00000138   Code   RO         8891    i.Modbus1_Task      modbus1_task.o
    0x08016944   0x08016944   0x00000138   Code   RO         9000    i.Modbus2_Task      modbus2_task.o
    0x08016a7c   0x08016a7c   0x00000002   Code   RO          564    i.NMI_Handler       stm32f4xx_it.o
    0x08016a7e   0x08016a7e   0x00000002   PAD
    0x08016a80   0x08016a80   0x0000000c   Code   RO          565    i.OTG_FS_IRQHandler  stm32f4xx_it.o
    0x08016a8c   0x08016a8c   0x000000cc   Code   RO         1206    i.PCD_EP_OutXfrComplete_int  stm32f4xx_hal_pcd.o
    0x08016b58   0x08016b58   0x000000a2   Code   RO         1207    i.PCD_WriteEmptyTxFifo  stm32f4xx_hal_pcd.o
    0x08016bfa   0x08016bfa   0x00000002   PAD
    0x08016bfc   0x08016bfc   0x0000011c   Code   RO         8767    i.Radio_Task        radio_task.o
    0x08016d18   0x08016d18   0x00000068   Code   RO         6193    i.SEGGER_RTT_AllocUpBuffer  segger_rtt.o
    0x08016d80   0x08016d80   0x0000005c   Code   RO         6194    i.SEGGER_RTT_ConfigDownBuffer  segger_rtt.o
    0x08016ddc   0x08016ddc   0x0000007c   Code   RO         6207    i.SEGGER_RTT_ReadNoLock  segger_rtt.o
    0x08016e58   0x08016e58   0x00000038   Code   RO         6217    i.SEGGER_RTT_Write  segger_rtt.o
    0x08016e90   0x08016e90   0x0000005c   Code   RO         6220    i.SEGGER_RTT_WriteNoLock  segger_rtt.o
    0x08016eec   0x08016eec   0x00000070   Code   RO         6221    i.SEGGER_RTT_WriteSkipNoLock  segger_rtt.o
    0x08016f5c   0x08016f5c   0x00000028   Code   RO         6974    i.SEGGER_SYSVIEW_Conf  segger_sysview_config_freertos.o
    0x08016f84   0x08016f84   0x00000080   Code   RO         6435    i.SEGGER_SYSVIEW_GetSysDesc  segger_sysview.o
    0x08017004   0x08017004   0x00000060   Code   RO         6440    i.SEGGER_SYSVIEW_Init  segger_sysview.o
    0x08017064   0x08017064   0x00000024   Code   RO         6447    i.SEGGER_SYSVIEW_OnIdle  segger_sysview.o
    0x08017088   0x08017088   0x00000040   Code   RO         6448    i.SEGGER_SYSVIEW_OnTaskCreate  segger_sysview.o
    0x080170c8   0x080170c8   0x00000040   Code   RO         6449    i.SEGGER_SYSVIEW_OnTaskStartExec  segger_sysview.o
    0x08017108   0x08017108   0x00000040   Code   RO         6450    i.SEGGER_SYSVIEW_OnTaskStartReady  segger_sysview.o
    0x08017148   0x08017148   0x00000034   Code   RO         6468    i.SEGGER_SYSVIEW_RecordSystime  segger_sysview.o
    0x0801717c   0x0801717c   0x0000003c   Code   RO         6469    i.SEGGER_SYSVIEW_RecordU32  segger_sysview.o
    0x080171b8   0x080171b8   0x00000050   Code   RO         6471    i.SEGGER_SYSVIEW_RecordU32x2  segger_sysview.o
    0x08017208   0x08017208   0x0000006c   Code   RO         6472    i.SEGGER_SYSVIEW_RecordU32x3  segger_sysview.o
    0x08017274   0x08017274   0x00000080   Code   RO         6473    i.SEGGER_SYSVIEW_RecordU32x4  segger_sysview.o
    0x080172f4   0x080172f4   0x00000024   Code   RO         6479    i.SEGGER_SYSVIEW_RecordVoid  segger_sysview.o
    0x08017318   0x08017318   0x00000088   Code   RO         6481    i.SEGGER_SYSVIEW_SendModule  segger_sysview.o
    0x080173a0   0x080173a0   0x0000001c   Code   RO         6482    i.SEGGER_SYSVIEW_SendModuleDescription  segger_sysview.o
    0x080173bc   0x080173bc   0x00000040   Code   RO         6483    i.SEGGER_SYSVIEW_SendNumModules  segger_sysview.o
    0x080173fc   0x080173fc   0x00000030   Code   RO         6485    i.SEGGER_SYSVIEW_SendSysDesc  segger_sysview.o
    0x0801742c   0x0801742c   0x000000c8   Code   RO         6486    i.SEGGER_SYSVIEW_SendTaskInfo  segger_sysview.o
    0x080174f4   0x080174f4   0x00000018   Code   RO         6487    i.SEGGER_SYSVIEW_SendTaskList  segger_sysview.o
    0x0801750c   0x0801750c   0x0000000c   Code   RO         6488    i.SEGGER_SYSVIEW_SetRAMBase  segger_sysview.o
    0x08017518   0x08017518   0x0000000c   Code   RO         6489    i.SEGGER_SYSVIEW_ShrinkId  segger_sysview.o
    0x08017524   0x08017524   0x000000b0   Code   RO         6490    i.SEGGER_SYSVIEW_Start  segger_sysview.o
    0x080175d4   0x080175d4   0x00000030   Code   RO         6491    i.SEGGER_SYSVIEW_Stop  segger_sysview.o
    0x08017604   0x08017604   0x0000003c   Code   RO         6500    i.SEGGER_SYSVIEW_Warn  segger_sysview.o
    0x08017640   0x08017640   0x0000000a   Code   RO         5956    i.SWAPBYTE          usbd_ctlreq.o
    0x0801764a   0x0801764a   0x00000002   PAD
    0x0801764c   0x0801764c   0x00000070   Code   RO         6992    i.SYSVIEW_AddTask   segger_sysview_freertos.o
    0x080176bc   0x080176bc   0x0000002a   Code   RO         6994    i.SYSVIEW_SendTaskInfo  segger_sysview_freertos.o
    0x080176e6   0x080176e6   0x00000002   PAD
    0x080176e8   0x080176e8   0x0000009c   Code   RO          318    i.StartTask         freertos.o
    0x08017784   0x08017784   0x0000002c   Code   RO         5718    i.SysTick_Handler   port.o
    0x080177b0   0x080177b0   0x00000098   Code   RO           15    i.SystemClock_Config  main.o
    0x08017848   0x08017848   0x0000001c   Code   RO         4321    i.SystemInit        system_stm32f4xx.o
    0x08017864   0x08017864   0x0000000c   Code   RO          566    i.TIM7_IRQHandler   stm32f4xx_it.o
    0x08017870   0x08017870   0x000000c8   Code   RO         3085    i.TIM_Base_SetConfig  stm32f4xx_hal_tim.o
    0x08017938   0x08017938   0x00000014   Code   RO          567    i.UART5_IRQHandler  stm32f4xx_it.o
    0x0801794c   0x0801794c   0x00000010   Code   RO         4005    i.UART_DMAAbortOnError  stm32f4xx_hal_uart.o
    0x0801795c   0x0801795c   0x0000004a   Code   RO         4006    i.UART_DMAError     stm32f4xx_hal_uart.o
    0x080179a6   0x080179a6   0x00000082   Code   RO         4007    i.UART_DMAReceiveCplt  stm32f4xx_hal_uart.o
    0x08017a28   0x08017a28   0x0000001a   Code   RO         4009    i.UART_DMARxHalfCplt  stm32f4xx_hal_uart.o
    0x08017a42   0x08017a42   0x00000042   Code   RO         4011    i.UART_DMATransmitCplt  stm32f4xx_hal_uart.o
    0x08017a84   0x08017a84   0x0000000a   Code   RO         4013    i.UART_DMATxHalfCplt  stm32f4xx_hal_uart.o
    0x08017a8e   0x08017a8e   0x0000004e   Code   RO         4015    i.UART_EndRxTransfer  stm32f4xx_hal_uart.o
    0x08017adc   0x08017adc   0x0000001c   Code   RO         4016    i.UART_EndTxTransfer  stm32f4xx_hal_uart.o
    0x08017af8   0x08017af8   0x0000004e   Code   RO         9173    i.UART_Receive_DMA_No_IT  drv_uart.o
    0x08017b46   0x08017b46   0x000000c0   Code   RO         4017    i.UART_Receive_IT   stm32f4xx_hal_uart.o
    0x08017c06   0x08017c06   0x00000002   PAD
    0x08017c08   0x08017c08   0x0000010c   Code   RO         4018    i.UART_SetConfig    stm32f4xx_hal_uart.o
    0x08017d14   0x08017d14   0x00000094   Code   RO         4019    i.UART_Start_Receive_DMA  stm32f4xx_hal_uart.o
    0x08017da8   0x08017da8   0x00000014   Code   RO          568    i.USART2_IRQHandler  stm32f4xx_it.o
    0x08017dbc   0x08017dbc   0x00000014   Code   RO          569    i.USART3_IRQHandler  stm32f4xx_it.o
    0x08017dd0   0x08017dd0   0x00000014   Code   RO          570    i.USART6_IRQHandler  stm32f4xx_it.o
    0x08017de4   0x08017de4   0x00000076   Code   RO         6089    i.USBD_CDC_DataIn   usbd_cdc.o
    0x08017e5a   0x08017e5a   0x0000003c   Code   RO         6090    i.USBD_CDC_DataOut  usbd_cdc.o
    0x08017e96   0x08017e96   0x00000002   PAD
    0x08017e98   0x08017e98   0x00000090   Code   RO         6091    i.USBD_CDC_DeInit   usbd_cdc.o
    0x08017f28   0x08017f28   0x00000036   Code   RO         6092    i.USBD_CDC_EP0_RxReady  usbd_cdc.o
    0x08017f5e   0x08017f5e   0x00000002   PAD
    0x08017f60   0x08017f60   0x0000000c   Code   RO         6093    i.USBD_CDC_GetDeviceQualifierDescriptor  usbd_cdc.o
    0x08017f6c   0x08017f6c   0x0000003c   Code   RO         6094    i.USBD_CDC_GetFSCfgDesc  usbd_cdc.o
    0x08017fa8   0x08017fa8   0x00000040   Code   RO         6095    i.USBD_CDC_GetHSCfgDesc  usbd_cdc.o
    0x08017fe8   0x08017fe8   0x0000003c   Code   RO         6096    i.USBD_CDC_GetOtherSpeedCfgDesc  usbd_cdc.o
    0x08018024   0x08018024   0x00000118   Code   RO         6097    i.USBD_CDC_Init     usbd_cdc.o
    0x0801813c   0x0801813c   0x00000038   Code   RO         6098    i.USBD_CDC_ReceivePacket  usbd_cdc.o
    0x08018174   0x08018174   0x00000016   Code   RO         6099    i.USBD_CDC_RegisterInterface  usbd_cdc.o
    0x0801818a   0x0801818a   0x0000001a   Code   RO         6100    i.USBD_CDC_SetRxBuffer  usbd_cdc.o
    0x080181a4   0x080181a4   0x0000001e   Code   RO         6101    i.USBD_CDC_SetTxBuffer  usbd_cdc.o
    0x080181c2   0x080181c2   0x000000d4   Code   RO         6102    i.USBD_CDC_Setup    usbd_cdc.o
    0x08018296   0x08018296   0x00000014   Code   RO         5797    i.USBD_ClrClassConfig  usbd_core.o
    0x080182aa   0x080182aa   0x00000004   Code   RO         5798    i.USBD_CoreFindEP   usbd_core.o
    0x080182ae   0x080182ae   0x00000004   Code   RO         5799    i.USBD_CoreFindIF   usbd_core.o
    0x080182b2   0x080182b2   0x00000010   Code   RO         6029    i.USBD_CtlContinueRx  usbd_ioreq.o
    0x080182c2   0x080182c2   0x00000010   Code   RO         6030    i.USBD_CtlContinueSendData  usbd_ioreq.o
    0x080182d2   0x080182d2   0x00000016   Code   RO         5957    i.USBD_CtlError     usbd_ctlreq.o
    0x080182e8   0x080182e8   0x0000001e   Code   RO         6031    i.USBD_CtlPrepareRx  usbd_ioreq.o
    0x08018306   0x08018306   0x00000016   Code   RO         6032    i.USBD_CtlReceiveStatus  usbd_ioreq.o
    0x0801831c   0x0801831c   0x0000001a   Code   RO         6033    i.USBD_CtlSendData  usbd_ioreq.o
    0x08018336   0x08018336   0x00000016   Code   RO         6034    i.USBD_CtlSendStatus  usbd_ioreq.o
    0x0801834c   0x0801834c   0x00000020   Code   RO          822    i.USBD_FS_ConfigStrDescriptor  usbd_desc.o
    0x0801836c   0x0801836c   0x0000000c   Code   RO          823    i.USBD_FS_DeviceDescriptor  usbd_desc.o
    0x08018378   0x08018378   0x00000024   Code   RO          824    i.USBD_FS_InterfaceStrDescriptor  usbd_desc.o
    0x0801839c   0x0801839c   0x0000000c   Code   RO          825    i.USBD_FS_LangIDStrDescriptor  usbd_desc.o
    0x080183a8   0x080183a8   0x00000028   Code   RO          826    i.USBD_FS_ManufacturerStrDescriptor  usbd_desc.o
    0x080183d0   0x080183d0   0x0000002c   Code   RO          827    i.USBD_FS_ProductStrDescriptor  usbd_desc.o
    0x080183fc   0x080183fc   0x00000038   Code   RO          828    i.USBD_FS_SerialStrDescriptor  usbd_desc.o
    0x08018434   0x08018434   0x000000e6   Code   RO         5958    i.USBD_GetDescriptor  usbd_ctlreq.o
    0x0801851a   0x0801851a   0x0000003a   Code   RO         5801    i.USBD_GetEpDesc    usbd_core.o
    0x08018554   0x08018554   0x0000000e   Code   RO         5802    i.USBD_GetNextDesc  usbd_core.o
    0x08018562   0x08018562   0x00000048   Code   RO         5959    i.USBD_GetString    usbd_ctlreq.o
    0x080185aa   0x080185aa   0x00000018   Code   RO          977    i.USBD_Get_USB_Status  usbd_conf.o
    0x080185c2   0x080185c2   0x00000026   Code   RO         5803    i.USBD_Init         usbd_core.o
    0x080185e8   0x080185e8   0x00000012   Code   RO          978    i.USBD_LL_ClearStallEP  usbd_conf.o
    0x080185fa   0x080185fa   0x00000012   Code   RO          979    i.USBD_LL_CloseEP   usbd_conf.o
    0x0801860c   0x0801860c   0x000000b6   Code   RO         5804    i.USBD_LL_DataInStage  usbd_core.o
    0x080186c2   0x080186c2   0x0000008e   Code   RO         5805    i.USBD_LL_DataOutStage  usbd_core.o
    0x08018750   0x08018750   0x00000004   Code   RO         5806    i.USBD_LL_DevConnected  usbd_core.o
    0x08018754   0x08018754   0x0000001e   Code   RO         5807    i.USBD_LL_DevDisconnected  usbd_core.o
    0x08018772   0x08018772   0x00000008   Code   RO          983    i.USBD_LL_GetRxDataSize  usbd_conf.o
    0x0801877a   0x0801877a   0x00000002   PAD
    0x0801877c   0x0801877c   0x00000060   Code   RO          984    i.USBD_LL_Init      usbd_conf.o
    0x080187dc   0x080187dc   0x00000020   Code   RO          985    i.USBD_LL_IsStallEP  usbd_conf.o
    0x080187fc   0x080187fc   0x00000028   Code   RO         5808    i.USBD_LL_IsoINIncomplete  usbd_core.o
    0x08018824   0x08018824   0x00000028   Code   RO         5809    i.USBD_LL_IsoOUTIncomplete  usbd_core.o
    0x0801884c   0x0801884c   0x00000018   Code   RO          986    i.USBD_LL_OpenEP    usbd_conf.o
    0x08018864   0x08018864   0x00000012   Code   RO          987    i.USBD_LL_PrepareReceive  usbd_conf.o
    0x08018876   0x08018876   0x0000005c   Code   RO         5810    i.USBD_LL_Reset     usbd_core.o
    0x080188d2   0x080188d2   0x00000014   Code   RO         5811    i.USBD_LL_Resume    usbd_core.o
    0x080188e6   0x080188e6   0x0000001a   Code   RO         5812    i.USBD_LL_SOF       usbd_core.o
    0x08018900   0x08018900   0x00000006   Code   RO         5813    i.USBD_LL_SetSpeed  usbd_core.o
    0x08018906   0x08018906   0x00000012   Code   RO          988    i.USBD_LL_SetUSBAddress  usbd_conf.o
    0x08018918   0x08018918   0x00000060   Code   RO         5814    i.USBD_LL_SetupStage  usbd_core.o
    0x08018978   0x08018978   0x00000012   Code   RO          989    i.USBD_LL_StallEP   usbd_conf.o
    0x0801898a   0x0801898a   0x00000012   Code   RO          990    i.USBD_LL_Start     usbd_conf.o
    0x0801899c   0x0801899c   0x00000012   Code   RO         5815    i.USBD_LL_Suspend   usbd_core.o
    0x080189ae   0x080189ae   0x00000012   Code   RO          992    i.USBD_LL_Transmit  usbd_conf.o
    0x080189c0   0x080189c0   0x0000002c   Code   RO         5960    i.USBD_ParseSetupRequest  usbd_ctlreq.o
    0x080189ec   0x080189ec   0x0000003a   Code   RO         5816    i.USBD_RegisterClass  usbd_core.o
    0x08018a26   0x08018a26   0x00000014   Code   RO         5818    i.USBD_SetClassConfig  usbd_core.o
    0x08018a3a   0x08018a3a   0x00000002   PAD
    0x08018a3c   0x08018a3c   0x000000b8   Code   RO         5961    i.USBD_SetConfig    usbd_ctlreq.o
    0x08018af4   0x08018af4   0x00000004   Code   RO         5819    i.USBD_Start        usbd_core.o
    0x08018af8   0x08018af8   0x0000012c   Code   RO         5962    i.USBD_StdDevReq    usbd_ctlreq.o
    0x08018c24   0x08018c24   0x00000160   Code   RO         5963    i.USBD_StdEPReq     usbd_ctlreq.o
    0x08018d84   0x08018d84   0x00000072   Code   RO         5964    i.USBD_StdItfReq    usbd_ctlreq.o
    0x08018df6   0x08018df6   0x00000002   Code   RO          993    i.USBD_static_free  usbd_conf.o
    0x08018df8   0x08018df8   0x00000008   Code   RO          994    i.USBD_static_malloc  usbd_conf.o
    0x08018e00   0x08018e00   0x00000080   Code   RO         1452    i.USB_ActivateEndpoint  stm32f4xx_ll_usb.o
    0x08018e80   0x08018e80   0x0000001c   Code   RO         1454    i.USB_ActivateSetup  stm32f4xx_ll_usb.o
    0x08018e9c   0x08018e9c   0x00000074   Code   RO         1456    i.USB_CoreInit      stm32f4xx_ll_usb.o
    0x08018f10   0x08018f10   0x00000040   Code   RO         1457    i.USB_CoreReset     stm32f4xx_ll_usb.o
    0x08018f50   0x08018f50   0x000000cc   Code   RO         1460    i.USB_DeactivateEndpoint  stm32f4xx_ll_usb.o
    0x0801901c   0x0801901c   0x0000001c   Code   RO         1461    i.USB_DevConnect    stm32f4xx_ll_usb.o
    0x08019038   0x08019038   0x0000001c   Code   RO         1462    i.USB_DevDisconnect  stm32f4xx_ll_usb.o
    0x08019054   0x08019054   0x00000174   Code   RO         1463    i.USB_DevInit       stm32f4xx_ll_usb.o
    0x080191c8   0x080191c8   0x0000000c   Code   RO         1464    i.USB_DisableGlobalInt  stm32f4xx_ll_usb.o
    0x080191d4   0x080191d4   0x0000011c   Code   RO         1467    i.USB_EP0StartXfer  stm32f4xx_ll_usb.o
    0x080192f0   0x080192f0   0x00000058   Code   RO         1468    i.USB_EP0_OutStart  stm32f4xx_ll_usb.o
    0x08019348   0x08019348   0x00000058   Code   RO         1469    i.USB_EPClearStall  stm32f4xx_ll_usb.o
    0x080193a0   0x080193a0   0x00000058   Code   RO         1470    i.USB_EPSetStall    stm32f4xx_ll_usb.o
    0x080193f8   0x080193f8   0x000001e4   Code   RO         1471    i.USB_EPStartXfer   stm32f4xx_ll_usb.o
    0x080195dc   0x080195dc   0x0000009e   Code   RO         1472    i.USB_EPStopXfer    stm32f4xx_ll_usb.o
    0x0801967a   0x0801967a   0x0000000c   Code   RO         1473    i.USB_EnableGlobalInt  stm32f4xx_ll_usb.o
    0x08019686   0x08019686   0x00000002   PAD
    0x08019688   0x08019688   0x0000003c   Code   RO         1474    i.USB_FlushRxFifo   stm32f4xx_ll_usb.o
    0x080196c4   0x080196c4   0x00000040   Code   RO         1475    i.USB_FlushTxFifo   stm32f4xx_ll_usb.o
    0x08019704   0x08019704   0x0000001a   Code   RO         1477    i.USB_GetDevSpeed   stm32f4xx_ll_usb.o
    0x0801971e   0x0801971e   0x00000008   Code   RO         1479    i.USB_GetMode       stm32f4xx_ll_usb.o
    0x08019726   0x08019726   0x0000000e   Code   RO         1486    i.USB_ReadDevAllInEpInterrupt  stm32f4xx_ll_usb.o
    0x08019734   0x08019734   0x0000000e   Code   RO         1487    i.USB_ReadDevAllOutEpInterrupt  stm32f4xx_ll_usb.o
    0x08019742   0x08019742   0x00000024   Code   RO         1488    i.USB_ReadDevInEPInterrupt  stm32f4xx_ll_usb.o
    0x08019766   0x08019766   0x00000010   Code   RO         1489    i.USB_ReadDevOutEPInterrupt  stm32f4xx_ll_usb.o
    0x08019776   0x08019776   0x00000008   Code   RO         1490    i.USB_ReadInterrupts  stm32f4xx_ll_usb.o
    0x0801977e   0x0801977e   0x0000003e   Code   RO         1491    i.USB_ReadPacket    stm32f4xx_ll_usb.o
    0x080197bc   0x080197bc   0x0000005c   Code   RO         1493    i.USB_SetCurrentMode  stm32f4xx_ll_usb.o
    0x08019818   0x08019818   0x00000022   Code   RO         1494    i.USB_SetDevAddress  stm32f4xx_ll_usb.o
    0x0801983a   0x0801983a   0x00000002   PAD
    0x0801983c   0x0801983c   0x000000e8   Code   RO         1496    i.USB_SetTurnaroundTime  stm32f4xx_ll_usb.o
    0x08019924   0x08019924   0x00000028   Code   RO         1499    i.USB_WritePacket   stm32f4xx_ll_usb.o
    0x0801994c   0x0801994c   0x00000002   Code   RO          571    i.UsageFault_Handler  stm32f4xx_it.o
    0x0801994e   0x0801994e   0x00000034   Code   RO         9513    i.Verify_CRC16_Modbus  drv_modbus.o
    0x08019982   0x08019982   0x00000002   PAD
    0x08019984   0x08019984   0x00000064   Code   RO         6224    i._DoInit           segger_rtt.o
    0x080199e8   0x080199e8   0x00000026   Code   RO         6503    i._EncodeStr        segger_sysview.o
    0x08019a0e   0x08019a0e   0x00000016   Code   RO         6225    i._GetAvailWriteSpace  segger_rtt.o
    0x08019a24   0x08019a24   0x00000094   Code   RO         6504    i._HandleIncomingPacket  segger_sysview.o
    0x08019ab8   0x08019ab8   0x0000013c   Code   RO         6507    i._SendPacket       segger_sysview.o
    0x08019bf4   0x08019bf4   0x00000068   Code   RO         6509    i._TrySendOverflowPacket  segger_sysview.o
    0x08019c5c   0x08019c5c   0x0000005a   Code   RO         6227    i._WriteBlocking    segger_rtt.o
    0x08019cb6   0x08019cb6   0x00000042   Code   RO         6228    i._WriteNoCheck     segger_rtt.o
    0x08019cf8   0x08019cf8   0x00000030   Code   RO        11389    i.__ARM_fpclassify  m_wm.l(fpclassify.o)
    0x08019d28   0x08019d28   0x00000020   Code   RO         2513    i.__NVIC_SetPriority  stm32f4xx_hal_cortex.o
    0x08019d48   0x08019d48   0x0000001e   Code   RO         6996    i._cbGetTime        segger_sysview_freertos.o
    0x08019d66   0x08019d66   0x00000002   PAD
    0x08019d68   0x08019d68   0x00000058   Code   RO         6975    i._cbSendSystemDesc  segger_sysview_config_freertos.o
    0x08019dc0   0x08019dc0   0x00000038   Code   RO         6997    i._cbSendTaskList   segger_sysview_freertos.o
    0x08019df8   0x08019df8   0x0000000e   Code   RO        11007    i._is_digit         c_w.l(__printf_wp.o)
    0x08019e06   0x08019e06   0x00000004   Code   RO         7038    i._sys_close        segger_rtt_syscalls_keil.o
    0x08019e0a   0x08019e0a   0x00000002   Code   RO         7041    i._sys_exit         segger_rtt_syscalls_keil.o
    0x08019e0c   0x08019e0c   0x00000004   Code   RO         7042    i._sys_flen         segger_rtt_syscalls_keil.o
    0x08019e10   0x08019e10   0x0000000e   Code   RO         7043    i._sys_istty        segger_rtt_syscalls_keil.o
    0x08019e1e   0x08019e1e   0x00000002   PAD
    0x08019e20   0x08019e20   0x00000030   Code   RO         7044    i._sys_open         segger_rtt_syscalls_keil.o
    0x08019e50   0x08019e50   0x00000004   Code   RO         7046    i._sys_seek         segger_rtt_syscalls_keil.o
    0x08019e54   0x08019e54   0x00000016   Code   RO         7048    i._sys_write        segger_rtt_syscalls_keil.o
    0x08019e6a   0x08019e6a   0x00000002   PAD
    0x08019e6c   0x08019e6c   0x00000018   Code   RO         7049    i._ttywrch          segger_rtt_syscalls_keil.o
    0x08019e84   0x08019e84   0x0000001e   Code   RO        10347    i.align_write       ef_env.o
    0x08019ea2   0x08019ea2   0x00000002   PAD
    0x08019ea4   0x08019ea4   0x000000d4   Code   RO        10348    i.alloc_env         ef_env.o
    0x08019f78   0x08019f78   0x0000002c   Code   RO        10349    i.alloc_env_cb      ef_env.o
    0x08019fa4   0x08019fa4   0x00000022   Code   RO         9925    i.append_crc16      mf_crc.o
    0x08019fc6   0x08019fc6   0x00000002   PAD
    0x08019fc8   0x08019fc8   0x00000158   Code   RO         8633    i.board_config      init.o
    0x0801a120   0x0801a120   0x000000a8   Code   RO        10350    i.check_and_recovery_env_cb  ef_env.o
    0x0801a1c8   0x0801a1c8   0x00000020   Code   RO        10351    i.check_and_recovery_gc_cb  ef_env.o
    0x0801a1e8   0x0801a1e8   0x0000002c   Code   RO        10352    i.check_sec_hdr_cb  ef_env.o
    0x0801a214   0x0801a214   0x000001e8   Code   RO        10353    i.create_env_blob   ef_env.o
    0x0801a3fc   0x0801a3fc   0x000000d8   Code   RO        10354    i.del_env           ef_env.o
    0x0801a4d4   0x0801a4d4   0x000000fc   Code   RO        10355    i.do_gc             ef_env.o
    0x0801a5d0   0x0801a5d0   0x00000144   Code   RO         9376    i.e28_get_uart_bps  drv_e28.o
    0x0801a714   0x0801a714   0x0000003a   Code   RO         9377    i.e28_init          drv_e28.o
    0x0801a74e   0x0801a74e   0x00000002   PAD
    0x0801a750   0x0801a750   0x00000044   Code   RO         9378    i.e28_manage_init   drv_e28.o
    0x0801a794   0x0801a794   0x00000070   Code   RO         9379    i.e28_mode_set      drv_e28.o
    0x0801a804   0x0801a804   0x0000026c   Code   RO         9380    i.e28_parm_config   drv_e28.o
    0x0801aa70   0x0801aa70   0x0000014c   Code   RO         9381    i.e28_parm_read_compare  drv_e28.o
    0x0801abbc   0x0801abbc   0x00000148   Code   RO         9382    i.e28_parm_write    drv_e28.o
    0x0801ad04   0x0801ad04   0x00000024   Code   RO         8769    i.e28_rx_callback   radio_task.o
    0x0801ad28   0x0801ad28   0x00000006   Code   RO         9383    i.e28_set_rx_state  drv_e28.o
    0x0801ad2e   0x0801ad2e   0x00000002   PAD
    0x0801ad30   0x0801ad30   0x0000012c   Code   RO         9384    i.e28_switch_mode   drv_e28.o
    0x0801ae5c   0x0801ae5c   0x00000014   Code   RO         9385    i.e28_uart_deinit   drv_e28.o
    0x0801ae70   0x0801ae70   0x00000040   Code   RO         9386    i.e28_uart_reinit   drv_e28.o
    0x0801aeb0   0x0801aeb0   0x00000004   Code   RO         9387    i.e28_uart_send     drv_e28.o
    0x0801aeb4   0x0801aeb4   0x00000090   Code   RO        10322    i.easyflash_init    easyflash.o
    0x0801af44   0x0801af44   0x00000024   Code   RO        10640    i.ef_calc_crc32     ef_utils.o
    0x0801af68   0x0801af68   0x00000100   Code   RO        10358    i.ef_env_init       ef_env.o
    0x0801b068   0x0801b068   0x0000011c   Code   RO        10359    i.ef_env_set_default  ef_env.o
    0x0801b184   0x0801b184   0x00000074   Code   RO        10361    i.ef_get_env_blob   ef_env.o
    0x0801b1f8   0x0801b1f8   0x000000b8   Code   RO        10364    i.ef_load_env       ef_env.o
    0x0801b2b0   0x0801b2b0   0x00000018   Code   RO        10232    i.ef_log_debug      ef_port.o
    0x0801b2c8   0x0801b2c8   0x000000d8   Code   RO        10233    i.ef_log_info       ef_port.o
    0x0801b3a0   0x0801b3a0   0x00000004   Code   RO        10234    i.ef_port_env_lock  ef_port.o
    0x0801b3a4   0x0801b3a4   0x00000004   Code   RO        10235    i.ef_port_env_unlock  ef_port.o
    0x0801b3a8   0x0801b3a8   0x000000d4   Code   RO        10236    i.ef_port_erase     ef_port.o
    0x0801b47c   0x0801b47c   0x00000014   Code   RO        10237    i.ef_port_init      ef_port.o
    0x0801b490   0x0801b490   0x0000001a   Code   RO        10238    i.ef_port_read      ef_port.o
    0x0801b4aa   0x0801b4aa   0x00000040   Code   RO        10239    i.ef_port_write     ef_port.o
    0x0801b4ea   0x0801b4ea   0x00000002   PAD
    0x0801b4ec   0x0801b4ec   0x00000050   Code   RO        10370    i.ef_set_env_blob   ef_env.o
    0x0801b53c   0x0801b53c   0x000000cc   Code   RO         8634    i.env_auto_create   init.o
    0x0801b608   0x0801b608   0x00000062   Code   RO        10371    i.env_iterator      ef_env.o
    0x0801b66a   0x0801b66a   0x0000002c   Code   RO         9723    i.fifo_s_get        fifo.o
    0x0801b696   0x0801b696   0x00000076   Code   RO         9724    i.fifo_s_gets       fifo.o
    0x0801b70c   0x0801b70c   0x00000018   Code   RO         9726    i.fifo_s_init       fifo.o
    0x0801b724   0x0801b724   0x0000000c   Code   RO         9727    i.fifo_s_isempty    fifo.o
    0x0801b730   0x0801b730   0x0000000c   Code   RO         9728    i.fifo_s_isfull     fifo.o
    0x0801b73c   0x0801b73c   0x00000032   Code   RO         9731    i.fifo_s_put        fifo.o
    0x0801b76e   0x0801b76e   0x00000074   Code   RO         9732    i.fifo_s_puts       fifo.o
    0x0801b7e2   0x0801b7e2   0x00000042   Code   RO        10372    i.find_env          ef_env.o
    0x0801b824   0x0801b824   0x00000038   Code   RO        10373    i.find_env_cb       ef_env.o
    0x0801b85c   0x0801b85c   0x00000020   Code   RO        10374    i.find_env_no_cache  ef_env.o
    0x0801b87c   0x0801b87c   0x00000084   Code   RO        10375    i.find_next_env_addr  ef_env.o
    0x0801b900   0x0801b900   0x000000dc   Code   RO        10376    i.format_sector     ef_env.o
    0x0801b9dc   0x0801b9dc   0x0000001a   Code   RO        11024    i.fputc             c_w.l(fputc.o)
    0x0801b9f6   0x0801b9f6   0x00000002   PAD
    0x0801b9f8   0x0801b9f8   0x00000124   Code   RO         9388    i.fsmEventHandle    drv_e28.o
    0x0801bb1c   0x0801bb1c   0x0000012c   Code   RO         9514    i.fsmEventHandle    drv_modbus.o
    0x0801bc48   0x0801bc48   0x000001e8   Code   RO         9389    i.fsmUpdateEvent    drv_e28.o
    0x0801be30   0x0801be30   0x000001e8   Code   RO         9515    i.fsmUpdateEvent    drv_modbus.o
    0x0801c018   0x0801c018   0x000000e4   Code   RO         8892    i.fsm_config_finish_callback  modbus1_task.o
    0x0801c0fc   0x0801c0fc   0x000000e4   Code   RO         9001    i.fsm_config_finish_callback  modbus2_task.o
    0x0801c1e0   0x0801c1e0   0x000000e0   Code   RO         8893    i.fsm_config_start_callback  modbus1_task.o
    0x0801c2c0   0x0801c2c0   0x000000e0   Code   RO         9002    i.fsm_config_start_callback  modbus2_task.o
    0x0801c3a0   0x0801c3a0   0x000000e4   Code   RO         8894    i.fsm_connect_finish_callback  modbus1_task.o
    0x0801c484   0x0801c484   0x000000e4   Code   RO         9003    i.fsm_connect_finish_callback  modbus2_task.o
    0x0801c568   0x0801c568   0x000000e0   Code   RO         8895    i.fsm_connect_lost_callback  modbus1_task.o
    0x0801c648   0x0801c648   0x000000e0   Code   RO         9004    i.fsm_connect_lost_callback  modbus2_task.o
    0x0801c728   0x0801c728   0x000000e4   Code   RO         8896    i.fsm_connect_start_callback  modbus1_task.o
    0x0801c80c   0x0801c80c   0x000000e4   Code   RO         9005    i.fsm_connect_start_callback  modbus2_task.o
    0x0801c8f0   0x0801c8f0   0x000000d8   Code   RO         8770    i.fsm_debug_callback  radio_task.o
    0x0801c9c8   0x0801c9c8   0x000000e4   Code   RO         8897    i.fsm_enable_finish_callback  modbus1_task.o
    0x0801caac   0x0801caac   0x000000e4   Code   RO         9006    i.fsm_enable_finish_callback  modbus2_task.o
    0x0801cb90   0x0801cb90   0x000000e0   Code   RO         8898    i.fsm_enable_start_callback  modbus1_task.o
    0x0801cc70   0x0801cc70   0x000000e0   Code   RO         9007    i.fsm_enable_start_callback  modbus2_task.o
    0x0801cd50   0x0801cd50   0x00000124   Code   RO         9390    i.fsm_init          drv_e28.o
    0x0801ce74   0x0801ce74   0x0000012c   Code   RO         9516    i.fsm_init          drv_modbus.o
    0x0801cfa0   0x0801cfa0   0x000000e4   Code   RO         8771    i.fsm_initialize_finish_callback  radio_task.o
    0x0801d084   0x0801d084   0x000000e0   Code   RO         8772    i.fsm_initialize_start_callback  radio_task.o
    0x0801d164   0x0801d164   0x000000dc   Code   RO         8773    i.fsm_rc_data_send_callback  radio_task.o
    0x0801d240   0x0801d240   0x000000e0   Code   RO         8774    i.fsm_rc_match_finish_callback  radio_task.o
    0x0801d320   0x0801d320   0x000000e0   Code   RO         8775    i.fsm_rc_match_ready_callback  radio_task.o
    0x0801d400   0x0801d400   0x000000e0   Code   RO         8776    i.fsm_rc_match_start_callback  radio_task.o
    0x0801d4e0   0x0801d4e0   0x000000f4   Code   RO         8899    i.fsm_reconfig_speed_mode_callback  modbus1_task.o
    0x0801d5d4   0x0801d5d4   0x000000f4   Code   RO         9008    i.fsm_reconfig_speed_mode_callback  modbus2_task.o
    0x0801d6c8   0x0801d6c8   0x00000060   Code   RO         8777    i.fsm_stateHandle   radio_task.o
    0x0801d728   0x0801d728   0x0000009a   Code   RO         8900    i.fsm_stateHandle   modbus1_task.o
    0x0801d7c2   0x0801d7c2   0x0000009a   Code   RO         9009    i.fsm_stateHandle   modbus2_task.o
    0x0801d85c   0x0801d85c   0x0000000e   Code   RO        10377    i.gc_check_cb       ef_env.o
    0x0801d86a   0x0801d86a   0x00000002   PAD
    0x0801d86c   0x0801d86c   0x000000b4   Code   RO        10378    i.gc_collect        ef_env.o
    0x0801d920   0x0801d920   0x0000002c   Code   RO         9928    i.get_crc16         mf_crc.o
    0x0801d94c   0x0801d94c   0x00000008   Code   RO         8778    i.get_e28_obj       radio_task.o
    0x0801d954   0x0801d954   0x00000078   Code   RO        10379    i.get_env_from_cache  ef_env.o
    0x0801d9cc   0x0801d9cc   0x0000000c   Code   RO        10072    i.get_global_log_level  log.o
    0x0801d9d8   0x0801d9d8   0x00000008   Code   RO         8901    i.get_mbr_no2       modbus1_task.o
    0x0801d9e0   0x0801d9e0   0x00000008   Code   RO         9010    i.get_mbr_no3       modbus2_task.o
    0x0801d9e8   0x0801d9e8   0x00000054   Code   RO        10380    i.get_next_env_addr  ef_env.o
    0x0801da3c   0x0801da3c   0x00000034   Code   RO        10381    i.get_next_sector_addr  ef_env.o
    0x0801da70   0x0801da70   0x00000008   Code   RO         8635    i.get_rc_env        init.o
    0x0801da78   0x0801da78   0x0000002c   Code   RO        10382    i.get_sector_from_cache  ef_env.o
    0x0801daa4   0x0801daa4   0x0000001e   Code   RO        10383    i.get_status        ef_env.o
    0x0801dac2   0x0801dac2   0x00000004   Code   RO         8636    i.get_time_ms       init.o
    0x0801dac6   0x0801dac6   0x00000002   PAD
    0x0801dac8   0x0801dac8   0x00000168   Code   RO        10742    i.hs100_03h_unpack  hs100.o
    0x0801dc30   0x0801dc30   0x0000004e   Code   RO        10743    i.hs100_output_enable  hs100.o
    0x0801dc7e   0x0801dc7e   0x000000a0   Code   RO        10744    i.hs100_pos_mode_config  hs100.o
    0x0801dd1e   0x0801dd1e   0x00000002   PAD
    0x0801dd20   0x0801dd20   0x0000004c   Code   RO        10745    i.hs100_pos_set     hs100.o
    0x0801dd6c   0x0801dd6c   0x00000034   Code   RO        10746    i.hs100_read_pos    hs100.o
    0x0801dda0   0x0801dda0   0x00000014   Code   RO        10747    i.hs100_read_test   hs100.o
    0x0801ddb4   0x0801ddb4   0x00000070   Code   RO        10748    i.hs100_speed_mode_config  hs100.o
    0x0801de24   0x0801de24   0x00000034   Code   RO        10749    i.hs100_speed_set   hs100.o
    0x0801de58   0x0801de58   0x00000080   Code   RO        10750    i.hs100_torque_mode_config  hs100.o
    0x0801ded8   0x0801ded8   0x00000034   Code   RO        10751    i.hs100_torque_set  hs100.o
    0x0801df0c   0x0801df0c   0x0000000c   Code   RO         5293    i.inHandlerMode     cmsis_os.o
    0x0801df18   0x0801df18   0x0000002c   Code   RO         9107    i.io_data_sampling  io_task.o
    0x0801df44   0x0801df44   0x00000014   Code   RO         9676    i.key_s_obj_create  drv_key.o
    0x0801df58   0x0801df58   0x0000001c   Code   RO         9640    i.led_obj_create    drv_led.o
    0x0801df74   0x0801df74   0x0000001a   Code   RO         9641    i.led_toggle        drv_led.o
    0x0801df8e   0x0801df8e   0x00000020   Code   RO        10073    i.log_printf        log.o
    0x0801dfae   0x0801dfae   0x00000012   Code   RO        10074    i.log_printf_to_buffer  log.o
    0x0801dfc0   0x0801dfc0   0x00000080   Code   RO           16    i.main              main.o
    0x0801e040   0x0801e040   0x0000000c   Code   RO         5295    i.makeFreeRtosPriority  cmsis_os.o
    0x0801e04c   0x0801e04c   0x00000006   Code   RO         9517    i.mbr_dev_mode_set  drv_modbus.o
    0x0801e052   0x0801e052   0x00000002   PAD
    0x0801e054   0x0801e054   0x0000001c   Code   RO         9518    i.mbr_fsm_config    drv_modbus.o
    0x0801e070   0x0801e070   0x00000030   Code   RO         9519    i.mbr_led_process   drv_modbus.o
    0x0801e0a0   0x0801e0a0   0x00000158   Code   RO         8902    i.mbr_no2_init      modbus1_task.o
    0x0801e1f8   0x0801e1f8   0x0000001e   Code   RO         8903    i.mbr_no2_unpack_ok_callback  modbus1_task.o
    0x0801e216   0x0801e216   0x00000002   PAD
    0x0801e218   0x0801e218   0x0000015c   Code   RO         9011    i.mbr_no3_init      modbus2_task.o
    0x0801e374   0x0801e374   0x0000001e   Code   RO         9012    i.mbr_no3_unpack_ok_callback  modbus2_task.o
    0x0801e392   0x0801e392   0x00000004   Code   RO         9520    i.mbr_up_ok_callback_register  drv_modbus.o
    0x0801e396   0x0801e396   0x00000002   PAD
    0x0801e398   0x0801e398   0x00000020   Code   RO         8904    i.modbus_usart2_rx_callback  modbus1_task.o
    0x0801e3b8   0x0801e3b8   0x00000020   Code   RO         9013    i.modbus_usart3_rx_callback  modbus2_task.o
    0x0801e3d8   0x0801e3d8   0x00000158   Code   RO        10384    i.move_env          ef_env.o
    0x0801e530   0x0801e530   0x00000070   Code   RO        10385    i.new_env           ef_env.o
    0x0801e5a0   0x0801e5a0   0x0000000e   Code   RO         5297    i.osDelay           cmsis_os.o
    0x0801e5ae   0x0801e5ae   0x0000000e   Code   RO         5298    i.osDelayUntil      cmsis_os.o
    0x0801e5bc   0x0801e5bc   0x0000000a   Code   RO         5300    i.osKernelStart     cmsis_os.o
    0x0801e5c6   0x0801e5c6   0x00000018   Code   RO         5301    i.osKernelSysTick   cmsis_os.o
    0x0801e5de   0x0801e5de   0x00000054   Code   RO         5334    i.osThreadCreate    cmsis_os.o
    0x0801e632   0x0801e632   0x00000050   Code   RO         9391    i.parm_pack         drv_e28.o
    0x0801e682   0x0801e682   0x00000002   PAD
    0x0801e684   0x0801e684   0x000002e4   Code   RO         8639    i.printf_all_env    init.o
    0x0801e968   0x0801e968   0x00000070   Code   RO         4829    i.prvAddCurrentTaskToDelayedList  tasks.o
    0x0801e9d8   0x0801e9d8   0x000000f0   Code   RO         4830    i.prvAddNewTaskToReadyList  tasks.o
    0x0801eac8   0x0801eac8   0x00000058   Code   RO         5149    i.prvCheckForValidListAndQueue  timers.o
    0x0801eb20   0x0801eb20   0x00000026   Code   RO         4499    i.prvCopyDataFromQueue  queue.o
    0x0801eb46   0x0801eb46   0x0000006c   Code   RO         4500    i.prvCopyDataToQueue  queue.o
    0x0801ebb2   0x0801ebb2   0x00000034   Code   RO         4831    i.prvDeleteTCB      tasks.o
    0x0801ebe6   0x0801ebe6   0x00000002   PAD
    0x0801ebe8   0x0801ebe8   0x0000004c   Code   RO         5662    i.prvHeapInit       heap_4.o
    0x0801ec34   0x0801ec34   0x00000060   Code   RO         4832    i.prvIdleTask       tasks.o
    0x0801ec94   0x0801ec94   0x0000002c   Code   RO         4502    i.prvInitialiseNewQueue  queue.o
    0x0801ecc0   0x0801ecc0   0x000000b0   Code   RO         4833    i.prvInitialiseNewTask  tasks.o
    0x0801ed70   0x0801ed70   0x0000004c   Code   RO         5663    i.prvInsertBlockIntoFreeList  heap_4.o
    0x0801edbc   0x0801edbc   0x00000038   Code   RO         5151    i.prvInsertTimerInActiveList  timers.o
    0x0801edf4   0x0801edf4   0x0000001c   Code   RO         4503    i.prvIsQueueEmpty   queue.o
    0x0801ee10   0x0801ee10   0x000000f0   Code   RO         5152    i.prvProcessReceivedCommands  timers.o
    0x0801ef00   0x0801ef00   0x000000c0   Code   RO         5153    i.prvProcessTimerOrBlockTask  timers.o
    0x0801efc0   0x0801efc0   0x00000020   Code   RO         4834    i.prvResetNextTaskUnblockTime  tasks.o
    0x0801efe0   0x0801efe0   0x00000028   Code   RO         5154    i.prvSampleTimeNow  timers.o
    0x0801f008   0x0801f008   0x0000006c   Code   RO         5155    i.prvSwitchTimerLists  timers.o
    0x0801f074   0x0801f074   0x00000028   Code   RO         5719    i.prvTaskExitError  port.o
    0x0801f09c   0x0801f09c   0x00000024   Code   RO         5156    i.prvTimerTask      timers.o
    0x0801f0c0   0x0801f0c0   0x0000006a   Code   RO         4504    i.prvUnlockQueue    queue.o
    0x0801f12a   0x0801f12a   0x00000002   PAD
    0x0801f12c   0x0801f12c   0x000000e8   Code   RO         5664    i.pvPortMalloc      heap_4.o
    0x0801f214   0x0801f214   0x0000002c   Code   RO         5720    i.pxPortInitialiseStack  port.o
    0x0801f240   0x0801f240   0x00000014   Code   RO         8780    i.rc_auto_match_start  radio_task.o
    0x0801f254   0x0801f254   0x00000050   Code   RO         8781    i.rc_match_env_updata  radio_task.o
    0x0801f2a4   0x0801f2a4   0x00000180   Code   RO        10387    i.read_env          ef_env.o
    0x0801f424   0x0801f424   0x0000011c   Code   RO         9677    i.read_key          drv_key.o
    0x0801f540   0x0801f540   0x0000021c   Code   RO        10388    i.read_sector_meta_data  ef_env.o
    0x0801f75c   0x0801f75c   0x00000094   Code   RO        10389    i.read_status       ef_env.o
    0x0801f7f0   0x0801f7f0   0x0000014c   Code   RO        10666    i.sd710_03h_unpack  sd710.o
    0x0801f93c   0x0801f93c   0x00000012   Code   RO        10667    i.sd710_output_enable  sd710.o
    0x0801f94e   0x0801f94e   0x000000ba   Code   RO        10668    i.sd710_pos_mode_config  sd710.o
    0x0801fa08   0x0801fa08   0x0000005c   Code   RO        10669    i.sd710_pos_set     sd710.o
    0x0801fa64   0x0801fa64   0x00000034   Code   RO        10670    i.sd710_read_pos    sd710.o
    0x0801fa98   0x0801fa98   0x00000012   Code   RO        10671    i.sd710_read_test   sd710.o
    0x0801faaa   0x0801faaa   0x00000012   Code   RO        10672    i.sd710_s32TOu8     sd710.o
    0x0801fabc   0x0801fabc   0x00000058   Code   RO        10673    i.sd710_speed_mode_config  sd710.o
    0x0801fb14   0x0801fb14   0x00000034   Code   RO        10674    i.sd710_speed_set   sd710.o
    0x0801fb48   0x0801fb48   0x00000056   Code   RO        10390    i.sector_iterator   ef_env.o
    0x0801fb9e   0x0801fb9e   0x00000022   Code   RO        10391    i.sector_statistics_cb  ef_env.o
    0x0801fbc0   0x0801fbc0   0x00000088   Code   RO        10392    i.set_env           ef_env.o
    0x0801fc48   0x0801fc48   0x00000124   Code   RO         9642    i.set_led           drv_led.o
    0x0801fd6c   0x0801fd6c   0x00000024   Code   RO        10393    i.set_status        ef_env.o
    0x0801fd90   0x0801fd90   0x00000074   Code   RO         8782    i.state_rc_match_prepare_proccess  radio_task.o
    0x0801fe04   0x0801fe04   0x000002c0   Code   RO         8783    i.state_rc_matching_proccess  radio_task.o
    0x080200c4   0x080200c4   0x00000078   Code   RO         8905    i.state_running_proccess  modbus1_task.o
    0x0802013c   0x0802013c   0x00000078   Code   RO         9014    i.state_running_proccess  modbus2_task.o
    0x080201b4   0x080201b4   0x000000c8   Code   RO        10241    i.stm32_get_sector  ef_port.o
    0x0802027c   0x0802027c   0x000000bc   Code   RO        10242    i.stm32_get_sector_size  ef_port.o
    0x08020338   0x08020338   0x0000001c   Code   RO         9392    i.u8buf_compare     drv_e28.o
    0x08020354   0x08020354   0x00000028   Code   RO         9175    i.uart5_idle_callback  drv_uart.o
    0x0802037c   0x0802037c   0x00000060   Code   RO         9176    i.uart5_manage_init  drv_uart.o
    0x080203dc   0x080203dc   0x00000004   Code   RO         8640    i.uart5_rx_callback  init.o
    0x080203e0   0x080203e0   0x0000000c   Code   RO         9178    i.uart5_rx_callback_register  drv_uart.o
    0x080203ec   0x080203ec   0x00000010   Code   RO         9179    i.uart5_transmit    drv_uart.o
    0x080203fc   0x080203fc   0x000000b0   Code   RO        10394    i.update_env_cache  ef_env.o
    0x080204ac   0x080204ac   0x0000005a   Code   RO        10395    i.update_sec_status  ef_env.o
    0x08020506   0x08020506   0x00000002   PAD
    0x08020508   0x08020508   0x00000060   Code   RO        10396    i.update_sector_cache  ef_env.o
    0x08020568   0x08020568   0x00000050   Code   RO         9180    i.usart2_idle_callback  drv_uart.o
    0x080205b8   0x080205b8   0x00000060   Code   RO         9181    i.usart2_manage_init  drv_uart.o
    0x08020618   0x08020618   0x0000000a   Code   RO         8641    i.usart2_rx_callback  init.o
    0x08020622   0x08020622   0x00000002   PAD
    0x08020624   0x08020624   0x0000000c   Code   RO         9182    i.usart2_rx_callback_register  drv_uart.o
    0x08020630   0x08020630   0x00000010   Code   RO         9183    i.usart2_send_before  drv_uart.o
    0x08020640   0x08020640   0x00000010   Code   RO         9184    i.usart2_send_over  drv_uart.o
    0x08020650   0x08020650   0x0000001c   Code   RO         9185    i.usart2_transmit   drv_uart.o
    0x0802066c   0x0802066c   0x00000050   Code   RO         9186    i.usart3_idle_callback  drv_uart.o
    0x080206bc   0x080206bc   0x00000060   Code   RO         9187    i.usart3_manage_init  drv_uart.o
    0x0802071c   0x0802071c   0x0000000a   Code   RO         8642    i.usart3_rx_callback  init.o
    0x08020726   0x08020726   0x00000002   PAD
    0x08020728   0x08020728   0x0000000c   Code   RO         9188    i.usart3_rx_callback_register  drv_uart.o
    0x08020734   0x08020734   0x00000010   Code   RO         9189    i.usart3_send_before  drv_uart.o
    0x08020744   0x08020744   0x00000010   Code   RO         9190    i.usart3_send_over  drv_uart.o
    0x08020754   0x08020754   0x0000001c   Code   RO         9191    i.usart3_transmit   drv_uart.o
    0x08020770   0x08020770   0x00000054   Code   RO         9192    i.usart6_idle_callback  drv_uart.o
    0x080207c4   0x080207c4   0x0000000c   Code   RO         9193    i.usart6_manage_deinit  drv_uart.o
    0x080207d0   0x080207d0   0x00000060   Code   RO         9194    i.usart6_manage_init  drv_uart.o
    0x08020830   0x08020830   0x0000000a   Code   RO         8643    i.usart6_rx_callback  init.o
    0x0802083a   0x0802083a   0x00000002   PAD
    0x0802083c   0x0802083c   0x0000000c   Code   RO         9195    i.usart6_rx_callback_register  drv_uart.o
    0x08020848   0x08020848   0x00000010   Code   RO         9196    i.usart6_transmit   drv_uart.o
    0x08020858   0x08020858   0x00000088   Code   RO         9197    i.usart_rec_to_buff  drv_uart.o
    0x080208e0   0x080208e0   0x00000072   Code   RO         9199    i.usart_transmit    drv_uart.o
    0x08020952   0x08020952   0x0000003c   Code   RO         9200    i.usart_transmit_hook  drv_uart.o
    0x0802098e   0x0802098e   0x00000026   Code   RO         4459    i.uxListRemove      list.o
    0x080209b4   0x080209b4   0x00000014   Code   RO          319    i.vApplicationGetIdleTaskMemory  freertos.o
    0x080209c8   0x080209c8   0x00000018   Code   RO          320    i.vApplicationGetTimerTaskMemory  freertos.o
    0x080209e0   0x080209e0   0x00000002   Code   RO          321    i.vApplicationMallocFailedHook  freertos.o
    0x080209e2   0x080209e2   0x00000002   Code   RO          322    i.vApplicationStackOverflowHook  freertos.o
    0x080209e4   0x080209e4   0x00000016   Code   RO         4460    i.vListInitialise   list.o
    0x080209fa   0x080209fa   0x00000006   Code   RO         4461    i.vListInitialiseItem  list.o
    0x08020a00   0x08020a00   0x00000030   Code   RO         4462    i.vListInsert       list.o
    0x08020a30   0x08020a30   0x00000018   Code   RO         4463    i.vListInsertEnd    list.o
    0x08020a48   0x08020a48   0x00000040   Code   RO         5722    i.vPortEnterCritical  port.o
    0x08020a88   0x08020a88   0x00000028   Code   RO         5723    i.vPortExitCritical  port.o
    0x08020ab0   0x08020ab0   0x00000064   Code   RO         5665    i.vPortFree         heap_4.o
    0x08020b14   0x08020b14   0x00000024   Code   RO         5724    i.vPortSetupTimerInterrupt  port.o
    0x08020b38   0x08020b38   0x00000054   Code   RO         5725    i.vPortValidateInterruptPriority  port.o
    0x08020b8c   0x08020b8c   0x00000038   Code   RO         4508    i.vQueueAddToRegistry  queue.o
    0x08020bc4   0x08020bc4   0x00000044   Code   RO         4511    i.vQueueWaitForMessageRestricted  queue.o
    0x08020c08   0x08020c08   0x00000054   Code   RO         4843    i.vTaskDelay        tasks.o
    0x08020c5c   0x08020c5c   0x00000094   Code   RO         4844    i.vTaskDelayUntil   tasks.o
    0x08020cf0   0x08020cf0   0x00000010   Code   RO         4847    i.vTaskInternalSetTimeOutState  tasks.o
    0x08020d00   0x08020d00   0x0000000c   Code   RO         4848    i.vTaskMissedYield  tasks.o
    0x08020d0c   0x08020d0c   0x00000030   Code   RO         4850    i.vTaskPlaceOnEventList  tasks.o
    0x08020d3c   0x08020d3c   0x00000040   Code   RO         4851    i.vTaskPlaceOnEventListRestricted  tasks.o
    0x08020d7c   0x08020d7c   0x000000a0   Code   RO         4858    i.vTaskStartScheduler  tasks.o
    0x08020e1c   0x08020e1c   0x00000010   Code   RO         4860    i.vTaskSuspendAll   tasks.o
    0x08020e2c   0x08020e2c   0x000000ac   Code   RO         4861    i.vTaskSwitchContext  tasks.o
    0x08020ed8   0x08020ed8   0x00000034   Code   RO         9931    i.verify_crc16      mf_crc.o
    0x08020f0c   0x08020f0c   0x000000cc   Code   RO        10397    i.write_status      ef_env.o
    0x08020fd8   0x08020fd8   0x000000f4   Code   RO         5726    i.xPortStartScheduler  port.o
    0x080210cc   0x080210cc   0x00000066   Code   RO         4515    i.xQueueGenericCreateStatic  queue.o
    0x08021132   0x08021132   0x00000002   PAD
    0x08021134   0x08021134   0x00000088   Code   RO         4516    i.xQueueGenericReset  queue.o
    0x080211bc   0x080211bc   0x00000188   Code   RO         4517    i.xQueueGenericSend  queue.o
    0x08021344   0x08021344   0x000000de   Code   RO         4518    i.xQueueGenericSendFromISR  queue.o
    0x08021422   0x08021422   0x00000002   PAD
    0x08021424   0x08021424   0x00000174   Code   RO         4524    i.xQueueReceive     queue.o
    0x08021598   0x08021598   0x00000074   Code   RO         4863    i.xTaskCheckForTimeOut  tasks.o
    0x0802160c   0x0802160c   0x0000005a   Code   RO         4864    i.xTaskCreate       tasks.o
    0x08021666   0x08021666   0x00000056   Code   RO         4865    i.xTaskCreateStatic  tasks.o
    0x080216bc   0x080216bc   0x0000001c   Code   RO         4869    i.xTaskGetSchedulerState  tasks.o
    0x080216d8   0x080216d8   0x0000000c   Code   RO         4870    i.xTaskGetTickCount  tasks.o
    0x080216e4   0x080216e4   0x00000010   Code   RO         4871    i.xTaskGetTickCountFromISR  tasks.o
    0x080216f4   0x080216f4   0x000000d0   Code   RO         4872    i.xTaskIncrementTick  tasks.o
    0x080217c4   0x080217c4   0x000000ac   Code   RO         4875    i.xTaskPriorityDisinherit  tasks.o
    0x08021870   0x08021870   0x0000007c   Code   RO         4877    i.xTaskRemoveFromEventList  tasks.o
    0x080218ec   0x080218ec   0x000000d0   Code   RO         4878    i.xTaskResumeAll    tasks.o
    0x080219bc   0x080219bc   0x00000060   Code   RO         5163    i.xTimerCreateTimerTask  timers.o
    0x08021a1c   0x08021a1c   0x00000060   Code   RO         5164    i.xTimerGenericCommand  timers.o
    0x08021a7c   0x08021a7c   0x0000002c   Code   RO        11362    locale$$code        c_w.l(lc_numeric_c.o)
    0x08021aa8   0x08021aa8   0x0000002c   Code   RO        11398    locale$$code        c_w.l(lc_ctype_c.o)
    0x08021ad4   0x08021ad4   0x0000000a   Code   RO        11310    x$fpl$fpinit        fz_wm.l(fpinit.o)
    0x08021ade   0x08021ade   0x00000004   Code   RO        11206    x$fpl$printf1       fz_wm.l(printf1.o)
    0x08021ae2   0x08021ae2   0x00000004   Code   RO        11208    x$fpl$printf2       fz_wm.l(printf2.o)
    0x08021ae6   0x08021ae6   0x00000000   Code   RO        11388    x$fpl$usenofp       fz_wm.l(usenofp.o)
    0x08021ae6   0x08021ae6   0x00000002   PAD
    0x08021ae8   0x08021ae8   0x000000a8   Data   RO          324    .constdata          freertos.o
    0x08021b90   0x08021b90   0x00000008   Data   RO         2230    .constdata          stm32f4xx_hal_dma.o
    0x08021b98   0x08021b98   0x00000010   Data   RO         4322    .constdata          system_stm32f4xx.o
    0x08021ba8   0x08021ba8   0x00000008   Data   RO         4323    .constdata          system_stm32f4xx.o
    0x08021bb0   0x08021bb0   0x00000011   Data   RO         6230    .constdata          segger_rtt.o
    0x08021bc1   0x08021bc1   0x0000001a   Data   RO         6513    .constdata          segger_sysview.o
    0x08021bdb   0x08021bdb   0x00000001   PAD
    0x08021bdc   0x08021bdc   0x00000008   Data   RO         6999    .constdata          segger_sysview_freertos.o
    0x08021be4   0x08021be4   0x0000000f   Data   RO         8645    .constdata          init.o
    0x08021bf3   0x08021bf3   0x000000ff   Data   RO         8786    .constdata          radio_task.o
    0x08021cf2   0x08021cf2   0x000000e9   Data   RO         8907    .constdata          modbus1_task.o
    0x08021ddb   0x08021ddb   0x000000e9   Data   RO         9016    .constdata          modbus2_task.o
    0x08021ec4   0x08021ec4   0x00000008   Data   RO         9109    .constdata          io_task.o
    0x08021ecc   0x08021ecc   0x00000009   Data   RO         9143    .constdata          fsm_task.o
    0x08021ed5   0x08021ed5   0x0000007d   Data   RO         9393    .constdata          drv_e28.o
    0x08021f52   0x08021f52   0x00000249   Data   RO         9521    .constdata          drv_modbus.o
    0x0802219b   0x0802219b   0x00000008   Data   RO         9643    .constdata          drv_led.o
    0x080221a3   0x080221a3   0x00000009   Data   RO         9678    .constdata          drv_key.o
    0x080221ac   0x080221ac   0x00000700   Data   RO         9934    .constdata          mf_crc.o
    0x080228ac   0x080228ac   0x0000003c   Data   RO        10244    .constdata          ef_port.o
    0x080228e8   0x080228e8   0x00000077   Data   RO        10399    .constdata          ef_env.o
    0x0802295f   0x0802295f   0x00000001   PAD
    0x08022960   0x08022960   0x00000400   Data   RO        10641    .constdata          ef_utils.o
    0x08022d60   0x08022d60   0x00000011   Data   RO        10675    .constdata          sd710.o
    0x08022d71   0x08022d71   0x00000011   Data   RO        10752    .constdata          hs100.o
    0x08022d82   0x08022d82   0x00000007   Data   RO        10829    .constdata          retarget_io.o
    0x08022d89   0x08022d89   0x00000008   Data   RO        10830    .constdata          retarget_io.o
    0x08022d91   0x08022d91   0x00000008   Data   RO        10831    .constdata          retarget_io.o
    0x08022d99   0x08022d99   0x00000028   Data   RO        10995    .constdata          c_w.l(_printf_hex_int_ll_ptr.o)
    0x08022dc1   0x08022dc1   0x00000011   Data   RO        11015    .constdata          c_w.l(__printf_flags_ss_wp.o)
    0x08022dd2   0x08022dd2   0x00000002   PAD
    0x08022dd4   0x08022dd4   0x00000008   Data   RO        11114    .constdata          c_w.l(_printf_wctomb.o)
    0x08022ddc   0x08022ddc   0x00000026   Data   RO        11247    .constdata          c_w.l(_printf_fp_hex.o)
    0x08022e02   0x08022e02   0x00000002   PAD
    0x08022e04   0x08022e04   0x00000094   Data   RO        11333    .constdata          c_w.l(bigflt0.o)
    0x08022e98   0x08022e98   0x00000046   Data   RO          325    .conststring        freertos.o
    0x08022ede   0x08022ede   0x00000002   PAD
    0x08022ee0   0x08022ee0   0x00000050   Data   RO         7000    .conststring        segger_sysview_freertos.o
    0x08022f30   0x08022f30   0x0000002f   Data   RO        10076    .conststring        log.o
    0x08022f5f   0x08022f5f   0x00000001   PAD
    0x08022f60   0x08022f60   0x0000000f   Data   RO        10246    .conststring        ef_port.o
    0x08022f6f   0x08022f6f   0x00000001   PAD
    0x08022f70   0x08022f70   0x00000048   Data   RO        10323    .conststring        easyflash.o
    0x08022fb8   0x08022fb8   0x0000012e   Data   RO        10400    .conststring        ef_env.o
    0x080230e6   0x080230e6   0x00000002   PAD
    0x080230e8   0x080230e8   0x00000020   Data   RO        11430    Region$$Table       anon$$obj.o
    0x08023108   0x08023108   0x0000001c   Data   RO        11361    locale$$data        c_w.l(lc_numeric_c.o)
    0x08023124   0x08023124   0x00000110   Data   RO        11397    locale$$data        c_w.l(lc_ctype_c.o)


    Execution Region RW_IRAM1 (Exec base: 0x20000000, Load base: 0x08023234, Size: 0x0000e208, Max: 0x0001c000, ABSOLUTE, COMPRESSED[0x00000190])

    Exec Addr    Load Addr    Size         Type   Attr      Idx    E Section Name        Object

    0x20000000   COMPRESSED   0x00000018   Data   RW          326    .data               freertos.o
    0x20000018   COMPRESSED   0x0000001c   Data   RW          830    .data               usbd_desc.o
    0x20000034   COMPRESSED   0x00000032   Data   RW          831    .data               usbd_desc.o
    0x20000066   COMPRESSED   0x00000002   PAD
    0x20000068   COMPRESSED   0x00000014   Data   RW          914    .data               usbd_cdc_if.o
    0x2000007c   COMPRESSED   0x0000000c   Data   RW         2657    .data               stm32f4xx_hal.o
    0x20000088   COMPRESSED   0x00000004   Data   RW         4324    .data               system_stm32f4xx.o
    0x2000008c   COMPRESSED   0x0000003c   Data   RW         4881    .data               tasks.o
    0x200000c8   COMPRESSED   0x00000014   Data   RW         5170    .data               timers.o
    0x200000dc   COMPRESSED   0x00000020   Data   RW         5671    .data               heap_4.o
    0x200000fc   COMPRESSED   0x0000000c   Data   RW         5727    .data               port.o
    0x20000108   COMPRESSED   0x00000001   Data   RW         5965    .data               usbd_ctlreq.o
    0x20000109   COMPRESSED   0x00000003   PAD
    0x2000010c   COMPRESSED   0x00000053   Data   RW         6104    .data               usbd_cdc.o
    0x2000015f   COMPRESSED   0x00000001   PAD
    0x20000160   COMPRESSED   0x00000038   Data   RW         6105    .data               usbd_cdc.o
    0x20000198   COMPRESSED   0x00000010   Data   RW         6516    .data               segger_sysview.o
    0x200001a8   COMPRESSED   0x00000004   Data   RW         7001    .data               segger_sysview_freertos.o
    0x200001ac   COMPRESSED   0x00000008   Data   RW         8646    .data               init.o
    0x200001b4   COMPRESSED   0x00000074   Data   RW         8787    .data               radio_task.o
    0x20000228   COMPRESSED   0x00000088   Data   RW         8908    .data               modbus1_task.o
    0x200002b0   COMPRESSED   0x00000088   Data   RW         9017    .data               modbus2_task.o
    0x20000338   COMPRESSED   0x00000003   Data   RW         9394    .data               drv_e28.o
    0x2000033b   COMPRESSED   0x00000001   PAD
    0x2000033c   COMPRESSED   0x00000018   Data   RW        10077    .data               log.o
    0x20000354   COMPRESSED   0x00000001   Data   RW        10078    .data               log.o
    0x20000355   COMPRESSED   0x00000003   PAD
    0x20000358   COMPRESSED   0x00000004   Data   RW        10132    .data               event_mgr.o
    0x2000035c   COMPRESSED   0x00000010   Data   RW        10401    .data               ef_env.o
    0x2000036c   COMPRESSED   0x00000003   Data   RW        10676    .data               sd710.o
    0x2000036f   COMPRESSED   0x00000004   Data   RW        10753    .data               hs100.o
    0x20000373   COMPRESSED   0x00000001   PAD
    0x20000374   COMPRESSED   0x00000004   Data   RW        11030    .data               c_w.l(stdio_streams.o)
    0x20000378   COMPRESSED   0x00000004   Data   RW        11031    .data               c_w.l(stdio_streams.o)
    0x2000037c   COMPRESSED   0x00000004   Data   RW        11032    .data               c_w.l(stdio_streams.o)
    0x20000380        -       0x000006a8   Zero   RW          323    .bss                freertos.o
    0x20000a28        -       0x00000010   Zero   RW          452    .bss                rng.o
    0x20000a38        -       0x00000410   Zero   RW          497    .bss                usart.o
    0x20000e48        -       0x00000048   Zero   RW          733    .bss                stm32f4xx_hal_timebase_tim.o
    0x20000e90        -       0x000002dc   Zero   RW          770    .bss                usb_device.o
    0x2000116c        -       0x00000200   Zero   RW          829    .bss                usbd_desc.o
    0x2000136c        -       0x00001000   Zero   RW          913    .bss                usbd_cdc_if.o
    0x2000236c        -       0x0000072c   Zero   RW          995    .bss                usbd_conf.o
    0x20002a98        -       0x00000020   Zero   RW         1929    .bss                stm32f4xx_hal_flash.o
    0x20002ab8        -       0x00000040   Zero   RW         4527    .bss                queue.o
    0x20002af8        -       0x000000f0   Zero   RW         4880    .bss                tasks.o
    0x20002be8        -       0x000000e8   Zero   RW         5169    .bss                timers.o
    0x20002cd0        -       0x00008000   Zero   RW         5670    .bss                heap_4.o
    0x2000acd0        -       0x000004b8   Zero   RW         6229    .bss                segger_rtt.o
    0x2000b188        -       0x0000050b   Zero   RW         6512    .bss                segger_sysview.o
    0x2000b693   COMPRESSED   0x00000001   PAD
    0x2000b694        -       0x000000a0   Zero   RW         6998    .bss                segger_sysview_freertos.o
    0x2000b734        -       0x0000000b   Zero   RW         8644    .bss                init.o
    0x2000b73f   COMPRESSED   0x00000001   PAD
    0x2000b740        -       0x00000085   Zero   RW         8784    .bss                radio_task.o
    0x2000b7c5   COMPRESSED   0x00000003   PAD
    0x2000b7c8        -       0x000000c8   Zero   RW         8906    .bss                modbus1_task.o
    0x2000b890        -       0x000000c8   Zero   RW         9015    .bss                modbus2_task.o
    0x2000b958        -       0x00000050   Zero   RW         9108    .bss                io_task.o
    0x2000b9a8        -       0x00001510   Zero   RW         9201    .bss                drv_uart.o
    0x2000ceb8        -       0x00000080   Zero   RW        10243    .bss                ef_port.o
    0x2000cf38        -       0x00000174   Zero   RW        10398    .bss                ef_env.o
    0x2000d0ac        -       0x00000054   Zero   RW        11027    .bss                c_w.l(stdio_streams.o)
    0x2000d100        -       0x00000054   Zero   RW        11028    .bss                c_w.l(stdio_streams.o)
    0x2000d154        -       0x00000054   Zero   RW        11029    .bss                c_w.l(stdio_streams.o)
    0x2000d1a8        -       0x00000060   Zero   RW        11215    .bss                c_w.l(libspace.o)
    0x2000d208        -       0x00000800   Zero   RW            2    HEAP                startup_stm32f405xx.o
    0x2000da08        -       0x00000800   Zero   RW            1    STACK               startup_stm32f405xx.o


    Execution Region RW_IRAM2 (Exec base: 0x2001c000, Load base: 0x080233c4, Size: 0x00000000, Max: 0x00004000, ABSOLUTE)

    **** No section assigned to this execution region ****


==============================================================================

Image component sizes


      Code (inc. data)   RO Data    RW Data    ZI Data      Debug   Object Name

       170          0          0          0          0      28158   cmsis_os.o
       172          4          0          0          0        834   dma.o
      3416        884        125          3          0      14945   drv_e28.o
       304         96          9          0          0       2431   drv_key.o
       346        100          8          0          0       2551   drv_led.o
      2896        654        585          0          0      17609   drv_modbus.o
      1400        214          0          0       5392      18591   drv_uart.o
       144         88         72          0          0        961   easyflash.o
      5920       1850        421         16        372      38595   ef_env.o
       958        326         75          0        128      10167   ef_port.o
        36          4       1024          0          0       1160   ef_utils.o
         0          0          0          0          0      18028   event_groups.o
       710         10          0          4          0       9791   event_mgr.o
       376          0          0          0          0       5827   fifo.o
       244         30        238         24       1704       6620   freertos.o
        80          0          0          0          0       2429   fsm.o
       780        120          9          0          0        923   fsm_task.o
       280         16          0          0          0       1015   gpio.o
       484         26          0         32      32768       4795   heap_4.o
      1090        128         17          4          0       7694   hs100.o
      1334        430         15          8         11      17053   init.o
       376         78          8          0         80       3034   io_task.o
       138          0          0          0          0       3438   list.o
        62          6         47         25          0       2322   log.o
       304         78          0          0          0     703612   main.o
        96          0          0          0          0       2977   memory_mgr.o
       130          6       1792          0          0       2905   mf_crc.o
      2828        908        233        136        200      11563   modbus1_task.o
      2832        914        233        136        200      11559   modbus2_task.o
       786         82          0         12          0      11641   port.o
      1672         22          0          0         64      17236   queue.o
      2904        860        255        116        133      13637   radio_task.o
         0          0         23          0          0       1003   retarget_io.o
        96         18          0          0         16       1499   rng.o
       856        122         17          3          0       6532   sd710.o
       858         50         17          0       1208      14284   segger_rtt.o
       122         16          0          0          0       5257   segger_rtt_syscalls_keil.o
      2330        180         26         16       1291      31349   segger_sysview.o
       128         82          0          0          0       1086   segger_sysview_config_freertos.o
       240         30         88          4        160       3957   segger_sysview_freertos.o
        64         26        392          0       4096        828   startup_stm32f405xx.o
       116         18          0         12          0       8598   stm32f4xx_hal.o
       192         14          0          0          0      33748   stm32f4xx_hal_cortex.o
      1252         16          8          0          0       8759   stm32f4xx_hal_dma.o
       520         66          0          0         32       6406   stm32f4xx_hal_flash.o
       356         24          0          0          0       3910   stm32f4xx_hal_flash_ex.o
       876         86          0          0          0       3717   stm32f4xx_hal_gpio.o
        56          4          0          0          0        834   stm32f4xx_hal_msp.o
      2638         12          0          0          0      13440   stm32f4xx_hal_pcd.o
        78          0          0          0          0       2329   stm32f4xx_hal_pcd_ex.o
      1420         88          0          0          0       6241   stm32f4xx_hal_rcc.o
       296          0          0          0          0       4401   stm32f4xx_hal_rng.o
       786         72          0          0          0       7184   stm32f4xx_hal_tim.o
         4          0          0          0          0       1549   stm32f4xx_hal_tim_ex.o
       152         20          0          0         72       1427   stm32f4xx_hal_timebase_tim.o
      1990         44          0          0          0      14492   stm32f4xx_hal_uart.o
       224         82          0          0          0       9724   stm32f4xx_it.o
      2888        134          0          0          0      23467   stm32f4xx_ll_usb.o
         0          0          0          0          0        392   stream_buffer.o
        28          8         24          4          0       1171   system_stm32f4xx.o
      2488        182          0         60        240      28257   tasks.o
       952         80          0         20        232      27891   timers.o
      1328        124          0          0       1040       5218   usart.o
        84         18          0          0        732       2571   usb_device.o
      1198         32          0        139          0      13307   usbd_cdc.o
       180         74          0         20       4096       3254   usbd_cdc_if.o
       644         24          0          0       1836      16340   usbd_conf.o
       916          0          0          0          0      15083   usbd_core.o
      1328         28          0          1          0      14708   usbd_ctlreq.o
       288        104          0         78        512       6009   usbd_desc.o
       132          0          0          0          0       4408   usbd_ioreq.o

    ----------------------------------------------------------------------
     61472       9812       5801        884      56620    1348731   Object Totals
         0          0         32          0          0          0   (incl. Generated)
       100          0          8         11          5          0   (incl. Padding)

    ----------------------------------------------------------------------

      Code (inc. data)   RO Data    RW Data    ZI Data      Debug   Library Member Name

        24          4          0          0          0         84   __2printf.o
        56          6          0          0          0         88   __2snprintf.o
        90          0          0          0          0          0   __dczerorl2.o
         8          0          0          0          0         68   __main.o
       392          4         17          0          0         92   __printf_flags_ss_wp.o
        14          0          0          0          0         68   __printf_wp.o
         0          0          0          0          0          0   __rtentry.o
        12          0          0          0          0          0   __rtentry2.o
         6          0          0          0          0          0   __rtentry4.o
        52          8          0          0          0          0   __scatter.o
        28          0          0          0          0          0   __scatter_zi.o
         6          0          0          0          0          0   _printf_a.o
         6          0          0          0          0          0   _printf_c.o
        44          0          0          0          0        108   _printf_char.o
        48          6          0          0          0         96   _printf_char_common.o
        36          4          0          0          0         80   _printf_char_file.o
        40          0          0          0          0         68   _printf_charcount.o
         6          0          0          0          0          0   _printf_d.o
       120         16          0          0          0         92   _printf_dec.o
         6          0          0          0          0          0   _printf_e.o
         6          0          0          0          0          0   _printf_f.o
      1054          0          0          0          0        216   _printf_fp_dec.o
       764          8         38          0          0        100   _printf_fp_hex.o
       128         16          0          0          0         84   _printf_fp_infnan.o
         6          0          0          0          0          0   _printf_g.o
       148          4         40          0          0        160   _printf_hex_int_ll_ptr.o
         6          0          0          0          0          0   _printf_i.o
       178          0          0          0          0         88   _printf_intcommon.o
        10          0          0          0          0          0   _printf_l.o
         6          0          0          0          0          0   _printf_lc.o
        10          0          0          0          0          0   _printf_ll.o
         6          0          0          0          0          0   _printf_lld.o
         6          0          0          0          0          0   _printf_lli.o
         6          0          0          0          0          0   _printf_llo.o
         6          0          0          0          0          0   _printf_llu.o
         6          0          0          0          0          0   _printf_llx.o
       124         16          0          0          0         92   _printf_longlong_dec.o
         6          0          0          0          0          0   _printf_ls.o
         6          0          0          0          0          0   _printf_n.o
         6          0          0          0          0          0   _printf_o.o
       112         10          0          0          0        124   _printf_oct_int_ll.o
         6          0          0          0          0          0   _printf_p.o
        78          0          0          0          0        108   _printf_pad.o
         0          0          0          0          0          0   _printf_percent.o
         4          0          0          0          0          0   _printf_percent_end.o
         6          0          0          0          0          0   _printf_s.o
        82          0          0          0          0         80   _printf_str.o
        36          0          0          0          0         84   _printf_truncate.o
         6          0          0          0          0          0   _printf_u.o
        44          0          0          0          0        108   _printf_wchar.o
       188          6          8          0          0         92   _printf_wctomb.o
         6          0          0          0          0          0   _printf_x.o
        16          0          0          0          0         68   _snputc.o
        10          0          0          0          0         68   _sputc.o
        64          0          0          0          0         92   _wcrtomb.o
        16          0          0          0          0         68   aeabi_memset.o
       228          4        148          0          0         96   bigflt0.o
      1936        128          0          0          0        672   btod.o
        10          0          0          0          0         68   defsig_exit.o
        50          0          0          0          0         88   defsig_general.o
        80         58          0          0          0         76   defsig_rtmem_inner.o
        14          0          0          0          0         80   defsig_rtmem_outer.o
        52         38          0          0          0         76   defsig_rtred_inner.o
        14          0          0          0          0         80   defsig_rtred_outer.o
        18          0          0          0          0         80   exit.o
        76          0          0          0          0         88   fclose.o
         8          0          0          0          0         68   ferror.o
       100          4          0          0          0        120   fflush.o
       470          0          0          0          0         88   flsbuf.o
       236          4          0          0          0        128   fopen.o
        26          0          0          0          0         68   fputc.o
       248          6          0          0          0         84   fseek.o
        66          0          0          0          0         76   ftell.o
        94          0          0          0          0         80   h1_alloc.o
        52          0          0          0          0         68   h1_extend.o
        78          0          0          0          0         80   h1_free.o
        14          0          0          0          0         84   h1_init.o
         6          0          0          0          0        152   heapauxi.o
         4          0          0          0          0        136   hguard.o
       138          0          0          0          0        168   init_alloc.o
       312         46          0          0          0        112   initio.o
        44         10        272          0          0         76   lc_ctype_c.o
        44         10         28          0          0         76   lc_numeric_c.o
         2          0          0          0          0          0   libinit.o
        46          0          0          0          0          0   libinit2.o
         2          0          0          0          0          0   libshutdown.o
         6          0          0          0          0          0   libshutdown2.o
         8          4          0          0         96         68   libspace.o
       138          0          0          0          0         80   lludiv10.o
       238          0          0          0          0        100   lludivv7m.o
         0          0          0          0          0          0   maybetermalloc1.o
        88          0          0          0          0         76   memcmp.o
        16          4          0          0          0         76   rt_ctype_table.o
         8          4          0          0          0         68   rt_errno_addr_intlibspace.o
         8          4          0          0          0         68   rt_heap_descriptor_intlibspace.o
         8          4          0          0          0         68   rt_locale_intlibspace.o
        68          0          0          0          0         68   rt_memclr.o
        78          0          0          0          0         80   rt_memclr_w.o
       138          0          0          0          0         68   rt_memcpy_v6.o
       100          0          0          0          0         80   rt_memcpy_w.o
         2          0          0          0          0          0   rtexit.o
        10          0          0          0          0          0   rtexit2.o
        70          0          0          0          0         80   setvbuf.o
       240          6          0          0          0        156   stdio.o
         0          0          0         12        252          0   stdio_streams.o
       128          0          0          0          0         68   strcmpv7m.o
        62          0          0          0          0         76   strlen.o
       150          0          0          0          0         80   strncmp.o
        86          0          0          0          0         76   strncpy.o
        36          0          0          0          0         80   strstr.o
        74          0          0          0          0         80   sys_stackheap_outer.o
         2          0          0          0          0         68   use_no_semi.o
         2          0          0          0          0         68   use_no_semi_2.o
        52          4          0          0          0         80   vsnprintf.o
        36          4          0          0          0         76   vsprintf.o
        10          0          0          0          0        116   fpinit.o
         4          0          0          0          0        116   printf1.o
         4          0          0          0          0        116   printf2.o
         0          0          0          0          0          0   usenofp.o
        48          0          0          0          0        124   fpclassify.o

    ----------------------------------------------------------------------
     10560        450        555         12        348       7904   Library Totals
        18          0          4          0          0          0   (incl. Padding)

    ----------------------------------------------------------------------

      Code (inc. data)   RO Data    RW Data    ZI Data      Debug   Library Name

     10476        450        551         12        348       7432   c_w.l
        18          0          0          0          0        348   fz_wm.l
        48          0          0          0          0        124   m_wm.l

    ----------------------------------------------------------------------
     10560        450        555         12        348       7904   Library Totals

    ----------------------------------------------------------------------

==============================================================================


      Code (inc. data)   RO Data    RW Data    ZI Data      Debug   

     72032      10262       6356        896      56968    1292371   Grand Totals
     72032      10262       6356        400      56968    1292371   ELF Image Totals (compressed)
     72032      10262       6356        400          0          0   ROM Totals

==============================================================================

    Total RO  Size (Code + RO Data)                78388 (  76.55kB)
    Total RW  Size (RW Data + ZI Data)             57864 (  56.51kB)
    Total ROM Size (Code + RO Data + RW Data)      78788 (  76.94kB)

==============================================================================

